This file contains any messages produced by compilers while
running configure, to aid debugging if configure makes a mistake.

It was created by netCDF configure 3.6.2, which was
generated by GNU Autoconf 2.61.  Invocation command line was

  $ ./configure CC=icc CFLAGS=-O3 CXX=icc CXXFLAGS=-O3 F77=ifort F90=ifort FFLAGS=-O3 --prefix=/pic/projects/mhk_modeling/Taiping/mhk_modeling/WAVE/FY2020/fvcom431-master/FVCOM_source/libs/install --build=x86_64

## --------- ##
## Platform. ##
## --------- ##

hostname = constance03.pnl.gov
uname -m = x86_64
uname -r = 2.6.32-642.6.2.el6.x86_64
uname -s = Linux
uname -v = #1 SMP Mon Oct 24 10:22:33 EDT 2016

/usr/bin/uname -p = unknown
/bin/uname -X     = unknown

/bin/arch              = x86_64
/usr/bin/arch -k       = unknown
/usr/convex/getsysinfo = unknown
/usr/bin/hostinfo      = unknown
/bin/machine           = unknown
/usr/bin/oslevel       = unknown
/bin/universe          = unknown

PATH: /share/apps/proj4/4.9.3/bin
PATH: /share/apps/netcdf/4.3.2/intel/14.0.2/bin
PATH: /share/apps/mvapich2/1.8.1/intel/14.0.2/bin
PATH: /share/apps/intel/2013.1.046/composer_xe_2013_sp1.2.144/bin/intel64
PATH: /share/apps/intel/2013.1.046/composer_xe_2013_sp1.2.144/mpirt/bin/intel64
PATH: /share/apps/intel/2013.1.046/composer_xe_2013_sp1.2.144/ipp/include
PATH: /share/apps/intel/2013.1.046/composer_xe_2013_sp1.2.144/debugger/gdb/intel64_mic/bin
PATH: /usr/lib64/qt-3.3/bin
PATH: /people/scicons/constance/bin
PATH: /people/scicons/bin
PATH: /usr/local/bin
PATH: /bin
PATH: /usr/bin
PATH: /opt/eclipse
PATH: /opt/ganglia/bin
PATH: /opt/ganglia/sbin
PATH: /usr/java/latest/bin
PATH: /opt/pdsh/bin
PATH: /opt/rocks/bin


## ----------- ##
## Core tests. ##
## ----------- ##

configure:2046: netCDF 3.6.2
configure:2087: checking build system type
configure:2105: result: x86_64-pc-none
configure:2127: checking host system type
configure:2142: result: x86_64-pc-none
configure:2187: checking for a BSD-compatible install
configure:2243: result: /usr/bin/install -c
configure:2254: checking whether build environment is sane
configure:2297: result: yes
configure:2362: checking for gawk
configure:2378: found /bin/gawk
configure:2389: result: gawk
configure:2400: checking whether make sets $(MAKE)
configure:2421: result: yes
configure:2609: checking user options
configure:2653: checking whether CXX is set to ''
configure:2657: result: no
configure:2661: checking whether FC is set to ''
configure:2665: result: no
configure:2669: checking whether F90 is set to ''
configure:2673: result: no
configure:2699: checking whether documentation is to be installed
configure:2707: result: no
configure:2723: checking whether Fortran compiler(s) should be tested during configure
configure:2731: result: yes
configure:2736: checking whether configure should try to set compiler flags
configure:2744: result: yes
configure:2748: checking whether FFIO will be used
configure:2756: result: no
configure:2771: checking whether to skip C++, F77, or F90 APIs if compiler is broken
configure:2779: result: yes
configure:2783: checking whether only the C library is desired
configure:2791: result: no
configure:2810: checking whether examples should be built
configure:2818: result: yes
configure:2832: checking whether F77 API is desired
configure:2841: result: yes
configure:2846: checking whether F90 API is desired
configure:2856: result: yes
configure:2860: checking whether fortran type sizes should be checked
configure:2868: result: yes
configure:2874: checking whether C API is desired
configure:2882: result: yes
configure:2889: checking where to get netCDF C-only library for separate fortran libraries
configure:2907: result: 
configure:2922: checking whether CXX API is desired
configure:2931: result: yes
configure:2935: checking whether v2 netCDF API should be built
configure:2943: result: yes
configure:2964: checking whether the ncgen/ncdump should be built
configure:2972: result: yes
configure:2986: checking whether large file (> 2GB) tests should be run
configure:2994: result: no
configure:3008: checking whether extreme numbers should be used in tests
configure:3023: result: yes
configure:3037: checking where to put large temp files if large file tests are run
configure:3046: result: .
configure:3057: checking whether a win32 DLL is desired
configure:3065: result: no
configure:3091: checking whether separate fortran libs are desired
configure:3100: result: no
configure:3159: finding C compiler
configure:3279: checking for C compiler version
configure:3286: icc --version >&5
icc (ICC) 14.0.2 20140120
Copyright (C) 1985-2014 Intel Corporation.  All rights reserved.

configure:3289: $? = 0
configure:3296: icc -v >&5
icc version 14.0.2 (gcc version 4.4.7 compatibility)
configure:3299: $? = 0
configure:3306: icc -V >&5
Intel(R) C Intel(R) 64 Compiler XE for applications running on Intel(R) 64, Version 14.0.2.144 Build 20140120
Copyright (C) 1985-2014 Intel Corporation.  All rights reserved.

configure:3309: $? = 0
configure:3332: checking for C compiler default output file name
configure:3359: icc -O3   conftest.c  >&5
configure:3362: $? = 0
configure:3400: result: a.out
configure:3417: checking whether the C compiler works
configure:3427: ./a.out
configure:3430: $? = 0
configure:3447: result: yes
configure:3454: checking whether we are cross compiling
configure:3456: result: no
configure:3459: checking for suffix of executables
configure:3466: icc -o conftest -O3   conftest.c  >&5
configure:3469: $? = 0
configure:3493: result: 
configure:3499: checking for suffix of object files
configure:3525: icc -c -O3  conftest.c >&5
configure:3528: $? = 0
configure:3551: result: o
configure:3555: checking whether we are using the GNU C compiler
configure:3584: icc -c -O3  conftest.c >&5
configure:3590: $? = 0
configure:3607: result: yes
configure:3612: checking whether icc accepts -g
configure:3642: icc -c -g  conftest.c >&5
configure:3648: $? = 0
configure:3747: result: yes
configure:3764: checking for icc option to accept ISO C89
configure:3838: icc  -c -O3  conftest.c >&5
configure:3844: $? = 0
configure:3867: result: none needed
configure:3896: checking for style of include used by make
configure:3924: result: GNU
configure:3952: checking dependency style of icc
configure:4042: result: gcc3
configure:4060: checking whether icc and cc understand -c and -o together
configure:4095: icc -c conftest.c -o conftest2.o >&5
configure:4098: $? = 0
configure:4104: icc -c conftest.c -o conftest2.o >&5
configure:4107: $? = 0
configure:4118: cc -c conftest.c >&5
configure:4121: $? = 0
configure:4129: cc -c conftest.c -o conftest2.o >&5
configure:4132: $? = 0
configure:4138: cc -c conftest.c -o conftest2.o >&5
configure:4141: $? = 0
configure:4159: result: yes
configure:4185: checking for an ANSI C-conforming const
configure:4260: icc -c -O3  conftest.c >&5
configure:4266: $? = 0
configure:4281: result: yes
configure:4312: finding Fortran compiler (will not be used if Fortran API is not desired)
configure:4702: checking for Fortran compiler version
configure:4709: ifort --version >&5
ifort (IFORT) 14.0.2 20140120
Copyright (C) 1985-2014 Intel Corporation.  All rights reserved.

configure:4712: $? = 0
configure:4719: ifort -v >&5
ifort version 14.0.2
configure:4722: $? = 0
configure:4729: ifort -V >&5
Intel(R) Fortran Intel(R) 64 Compiler XE for applications running on Intel(R) 64, Version 14.0.2.144 Build 20140120
Copyright (C) 1985-2014 Intel Corporation.  All rights reserved.

configure:4732: $? = 0
configure:4740: checking whether we are using the GNU Fortran compiler
configure:4759: ifort -c   conftest.F >&5
conftest.F(3): error #5082: Syntax error, found END-OF-STATEMENT when expecting one of: ( % [ : . = =>
       choke me
---------------^
conftest.F(3): error #6218: This statement is positioned incorrectly and/or has syntax errors.
       choke me
---------------^
compilation aborted for conftest.F (code 1)
configure:4765: $? = 1
configure: failed program was:
|       program main
| #ifndef __GNUC__
|        choke me
| #endif
| 
|       end
configure:4782: result: no
configure:4788: checking whether ifort accepts -g
configure:4805: ifort -c -g  conftest.f >&5
configure:4811: $? = 0
configure:4827: result: yes
configure:4977: checking for Fortran 77 compiler version
configure:4984: ifort --version >&5
ifort (IFORT) 14.0.2 20140120
Copyright (C) 1985-2014 Intel Corporation.  All rights reserved.

configure:4987: $? = 0
configure:4994: ifort -v >&5
ifort version 14.0.2
configure:4997: $? = 0
configure:5004: ifort -V >&5
Intel(R) Fortran Intel(R) 64 Compiler XE for applications running on Intel(R) 64, Version 14.0.2.144 Build 20140120
Copyright (C) 1985-2014 Intel Corporation.  All rights reserved.

configure:5007: $? = 0
configure:5015: checking whether we are using the GNU Fortran 77 compiler
configure:5034: ifort -c -O3 conftest.F >&5
conftest.F(3): error #5082: Syntax error, found END-OF-STATEMENT when expecting one of: ( % [ : . = =>
       choke me
---------------^
conftest.F(3): error #6218: This statement is positioned incorrectly and/or has syntax errors.
       choke me
---------------^
compilation aborted for conftest.F (code 1)
configure:5040: $? = 1
configure: failed program was:
|       program main
| #ifndef __GNUC__
|        choke me
| #endif
| 
|       end
configure:5057: result: no
configure:5063: checking whether ifort accepts -g
configure:5080: ifort -c -g conftest.f >&5
configure:5086: $? = 0
configure:5102: result: yes
configure:5146: setting up Fortran 90
configure:5165: checking for Fortran flag to compile .f90 files
configure:5187: ifort -c -g  conftest.f90 >&5
configure:5193: $? = 0
configure:5212: result: none
configure:5242: checking fortran 90 modules inclusion flag
configure:5273: ifort -c -g  conftest.f90 >&5
configure:5279: $? = 0
configure:5312: ifort -c -g -Itmpdir_0  conftest.f90 >&5
configure:5318: $? = 0
configure:5349: result: -I
configure:5361: checking if Fortran compiler can handle Fortran-90
configure:5369: ifort     conftest.f90
configure:5372: $? = 0
configure:5386: result: yes
configure:5395: finding C++ compiler (will not be used if C++ API is not desired)
configure:5520: checking for C++ compiler version
configure:5527: icc --version >&5
icc (ICC) 14.0.2 20140120
Copyright (C) 1985-2014 Intel Corporation.  All rights reserved.

configure:5530: $? = 0
configure:5537: icc -v >&5
icc version 14.0.2 (gcc version 4.4.7 compatibility)
configure:5540: $? = 0
configure:5547: icc -V >&5
Intel(R) C Intel(R) 64 Compiler XE for applications running on Intel(R) 64, Version 14.0.2.144 Build 20140120
Copyright (C) 1985-2014 Intel Corporation.  All rights reserved.

configure:5550: $? = 0
configure:5553: checking whether we are using the GNU C++ compiler
configure:5582: icc -c -O3  conftest.cpp >&5
configure:5588: $? = 0
configure:5605: result: yes
configure:5610: checking whether icc accepts -g
configure:5640: icc -c -g  conftest.cpp >&5
configure:5646: $? = 0
configure:5745: result: yes
configure:5770: checking dependency style of icc
configure:5860: result: gcc3
configure:6366: checking for a sed that does not truncate output
configure:6445: result: /bin/sed
configure:6463: checking for grep that handles long lines and -e
configure:6537: result: /bin/grep
configure:6542: checking for egrep
configure:6620: result: /bin/grep -E
configure:6625: checking for fgrep
configure:6703: result: /bin/grep -F
configure:6738: checking for ld used by icc
configure:6805: result: /usr/bin/ld
configure:6814: checking if the linker (/usr/bin/ld) is GNU ld
configure:6829: result: yes
configure:6842: checking for BSD- or MS-compatible name lister (nm)
configure:6891: result: /usr/bin/nm -B
configure:7013: checking the name lister (/usr/bin/nm -B) interface
configure:7020: icc -c -O3  conftest.c >&5
configure:7023: /usr/bin/nm -B "conftest.o"
configure:7026: output
0000000000000000 B some_variable
configure:7033: result: BSD nm
configure:7036: checking whether ln -s works
configure:7040: result: yes
configure:7048: checking the maximum length of command line arguments
configure:7162: result: 32768
configure:7180: checking whether the shell understands some XSI constructs
configure:7188: result: yes
configure:7192: checking whether the shell understands "+="
configure:7198: result: yes
configure:7233: checking for /usr/bin/ld option to reload object files
configure:7240: result: -r
configure:7267: checking how to recognise dependent libraries
configure:7451: result: unknown
configure:7511: checking for ar
configure:7527: found /usr/bin/ar
configure:7538: result: ar
configure:7620: checking for strip
configure:7636: found /usr/bin/strip
configure:7647: result: strip
configure:7723: checking for ranlib
configure:7739: found /usr/bin/ranlib
configure:7750: result: ranlib
configure:7844: checking command to parse /usr/bin/nm -B output from icc object
configure:7960: icc -c -O3  conftest.c >&5
configure:7963: $? = 0
configure:7967: /usr/bin/nm -B conftest.o \| sed -n -e 's/^.*[ 	]\([ABCDGIRSTW][ABCDGIRSTW]*\)[ 	][ 	]*\([_A-Za-z][_A-Za-z0-9]*\)$/\1 \2 \2/p' \> conftest.nm
configure:7970: $? = 0
configure:8024: icc -o conftest -O3   conftest.c conftstm.o >&5
configure:8027: $? = 0
configure:8065: result: ok
configure:8297: checking how to run the C preprocessor
configure:8337: icc -E  conftest.c
configure:8343: $? = 0
configure:8374: icc -E  conftest.c
conftest.c(12): error #2379: cannot open source file "ac_nonexistent.h"
  #include <ac_nonexistent.h>
                             ^

configure:8380: $? = 2
configure: failed program was:
| /* confdefs.h.  */
| #define PACKAGE_NAME "netCDF"
| #define PACKAGE_TARNAME "netcdf"
| #define PACKAGE_VERSION "3.6.2"
| #define PACKAGE_STRING "netCDF 3.6.2"
| #define PACKAGE_BUGREPORT "support@unidata.ucar.edu"
| #define PACKAGE "netcdf"
| #define VERSION "3.6.2"
| #define USE_EXTREME_NUMBERS 1
| #define TEMP_LARGE $TEMP_LARGE
| /* end confdefs.h.  */
| #include <ac_nonexistent.h>
configure:8413: result: icc -E
configure:8442: icc -E  conftest.c
configure:8448: $? = 0
configure:8479: icc -E  conftest.c
conftest.c(12): error #2379: cannot open source file "ac_nonexistent.h"
  #include <ac_nonexistent.h>
                             ^

configure:8485: $? = 2
configure: failed program was:
| /* confdefs.h.  */
| #define PACKAGE_NAME "netCDF"
| #define PACKAGE_TARNAME "netcdf"
| #define PACKAGE_VERSION "3.6.2"
| #define PACKAGE_STRING "netCDF 3.6.2"
| #define PACKAGE_BUGREPORT "support@unidata.ucar.edu"
| #define PACKAGE "netcdf"
| #define VERSION "3.6.2"
| #define USE_EXTREME_NUMBERS 1
| #define TEMP_LARGE $TEMP_LARGE
| /* end confdefs.h.  */
| #include <ac_nonexistent.h>
configure:8523: checking for ANSI C header files
configure:8553: icc -c -O3  conftest.c >&5
configure:8559: $? = 0
configure:8658: icc -o conftest -O3   conftest.c  >&5
configure:8661: $? = 0
configure:8667: ./conftest
configure:8670: $? = 0
configure:8687: result: yes
configure:8711: checking for sys/types.h
configure:8732: icc -c -O3  conftest.c >&5
configure:8738: $? = 0
configure:8754: result: yes
configure:8711: checking for sys/stat.h
configure:8732: icc -c -O3  conftest.c >&5
configure:8738: $? = 0
configure:8754: result: yes
configure:8711: checking for stdlib.h
configure:8732: icc -c -O3  conftest.c >&5
configure:8738: $? = 0
configure:8754: result: yes
configure:8711: checking for string.h
configure:8732: icc -c -O3  conftest.c >&5
configure:8738: $? = 0
configure:8754: result: yes
configure:8711: checking for memory.h
configure:8732: icc -c -O3  conftest.c >&5
configure:8738: $? = 0
configure:8754: result: yes
configure:8711: checking for strings.h
configure:8732: icc -c -O3  conftest.c >&5
configure:8738: $? = 0
configure:8754: result: yes
configure:8711: checking for inttypes.h
configure:8732: icc -c -O3  conftest.c >&5
configure:8738: $? = 0
configure:8754: result: yes
configure:8711: checking for stdint.h
configure:8732: icc -c -O3  conftest.c >&5
configure:8738: $? = 0
configure:8754: result: yes
configure:8711: checking for unistd.h
configure:8732: icc -c -O3  conftest.c >&5
configure:8738: $? = 0
configure:8754: result: yes
configure:8770: checking for dlfcn.h
configure:8791: icc -c -O3  conftest.c >&5
configure:8797: $? = 0
configure:8813: result: yes
configure:8942: checking for C++ compiler version
configure:8949: icc --version >&5
icc (ICC) 14.0.2 20140120
Copyright (C) 1985-2014 Intel Corporation.  All rights reserved.

configure:8952: $? = 0
configure:8959: icc -v >&5
icc version 14.0.2 (gcc version 4.4.7 compatibility)
configure:8962: $? = 0
configure:8969: icc -V >&5
Intel(R) C Intel(R) 64 Compiler XE for applications running on Intel(R) 64, Version 14.0.2.144 Build 20140120
Copyright (C) 1985-2014 Intel Corporation.  All rights reserved.

configure:8972: $? = 0
configure:8975: checking whether we are using the GNU C++ compiler
configure:9027: result: yes
configure:9032: checking whether icc accepts -g
configure:9167: result: yes
configure:9192: checking dependency style of icc
configure:9282: result: gcc3
configure:9307: checking how to run the C++ preprocessor
configure:9343: icc -E  conftest.cpp
configure:9349: $? = 0
configure:9380: icc -E  conftest.cpp
conftest.cpp(23): error #2379: cannot open source file "ac_nonexistent.h"
  #include <ac_nonexistent.h>
                             ^

configure:9386: $? = 2
configure: failed program was:
| /* confdefs.h.  */
| #define PACKAGE_NAME "netCDF"
| #define PACKAGE_TARNAME "netcdf"
| #define PACKAGE_VERSION "3.6.2"
| #define PACKAGE_STRING "netCDF 3.6.2"
| #define PACKAGE_BUGREPORT "support@unidata.ucar.edu"
| #define PACKAGE "netcdf"
| #define VERSION "3.6.2"
| #define USE_EXTREME_NUMBERS 1
| #define TEMP_LARGE $TEMP_LARGE
| #define STDC_HEADERS 1
| #define HAVE_SYS_TYPES_H 1
| #define HAVE_SYS_STAT_H 1
| #define HAVE_STDLIB_H 1
| #define HAVE_STRING_H 1
| #define HAVE_MEMORY_H 1
| #define HAVE_STRINGS_H 1
| #define HAVE_INTTYPES_H 1
| #define HAVE_STDINT_H 1
| #define HAVE_UNISTD_H 1
| #define HAVE_DLFCN_H 1
| /* end confdefs.h.  */
| #include <ac_nonexistent.h>
configure:9419: result: icc -E
configure:9448: icc -E  conftest.cpp
configure:9454: $? = 0
configure:9485: icc -E  conftest.cpp
conftest.cpp(23): error #2379: cannot open source file "ac_nonexistent.h"
  #include <ac_nonexistent.h>
                             ^

configure:9491: $? = 2
configure: failed program was:
| /* confdefs.h.  */
| #define PACKAGE_NAME "netCDF"
| #define PACKAGE_TARNAME "netcdf"
| #define PACKAGE_VERSION "3.6.2"
| #define PACKAGE_STRING "netCDF 3.6.2"
| #define PACKAGE_BUGREPORT "support@unidata.ucar.edu"
| #define PACKAGE "netcdf"
| #define VERSION "3.6.2"
| #define USE_EXTREME_NUMBERS 1
| #define TEMP_LARGE $TEMP_LARGE
| #define STDC_HEADERS 1
| #define HAVE_SYS_TYPES_H 1
| #define HAVE_SYS_STAT_H 1
| #define HAVE_STDLIB_H 1
| #define HAVE_STRING_H 1
| #define HAVE_MEMORY_H 1
| #define HAVE_STRINGS_H 1
| #define HAVE_INTTYPES_H 1
| #define HAVE_STDINT_H 1
| #define HAVE_UNISTD_H 1
| #define HAVE_DLFCN_H 1
| /* end confdefs.h.  */
| #include <ac_nonexistent.h>
configure:9642: checking for Fortran 77 compiler version
configure:9649: ifort --version >&5
ifort (IFORT) 14.0.2 20140120
Copyright (C) 1985-2014 Intel Corporation.  All rights reserved.

configure:9652: $? = 0
configure:9659: ifort -v >&5
ifort version 14.0.2
configure:9662: $? = 0
configure:9669: ifort -V >&5
Intel(R) Fortran Intel(R) 64 Compiler XE for applications running on Intel(R) 64, Version 14.0.2.144 Build 20140120
Copyright (C) 1985-2014 Intel Corporation.  All rights reserved.

configure:9672: $? = 0
configure:9680: checking whether we are using the GNU Fortran 77 compiler
configure:9722: result: no
configure:9728: checking whether ifort accepts -g
configure:9767: result: yes
configure:9910: checking for Fortran compiler version
configure:9917: ifort --version >&5
ifort (IFORT) 14.0.2 20140120
Copyright (C) 1985-2014 Intel Corporation.  All rights reserved.

configure:9920: $? = 0
configure:9927: ifort -v >&5
ifort version 14.0.2
configure:9930: $? = 0
configure:9937: ifort -V >&5
Intel(R) Fortran Intel(R) 64 Compiler XE for applications running on Intel(R) 64, Version 14.0.2.144 Build 20140120
Copyright (C) 1985-2014 Intel Corporation.  All rights reserved.

configure:9940: $? = 0
configure:9948: checking whether we are using the GNU Fortran compiler
configure:9990: result: no
configure:9996: checking whether ifort accepts -g
configure:10035: result: yes
configure:10115: checking for objdir
configure:10130: result: .libs
configure:10422: checking if icc supports -fno-rtti -fno-exceptions
configure:10440: icc -c -O3  -fno-rtti -fno-exceptions conftest.c >&5
configure:10444: $? = 0
configure:10457: result: yes
configure:10477: checking for icc option to produce PIC
configure:10730: result: -fPIC -DPIC
configure:10742: checking if icc PIC flag -fPIC -DPIC works
configure:10760: icc -c -O3  -fPIC -DPIC -DPIC conftest.c >&5
configure:10764: $? = 0
configure:10777: result: yes
configure:10801: checking if icc static flag -static works
configure:10829: result: yes
configure:10844: checking if icc supports -c -o file.o
configure:10865: icc -c -O3  -o out/conftest2.o conftest.c >&5
configure:10869: $? = 0
configure:10891: result: yes
configure:10899: checking if icc supports -c -o file.o
configure:10946: result: yes
configure:10979: checking whether the icc linker (/usr/bin/ld) supports shared libraries
configure:12050: result: yes
configure:12284: checking dynamic linker characteristics
configure:12895: result: no
configure:12990: checking how to hardcode library paths into programs
configure:13015: result: immediate
configure:13828: checking whether stripping libraries is possible
configure:13833: result: yes
configure:13868: checking if libtool supports shared libraries
configure:13870: result: no
configure:13873: checking whether to build shared libraries
configure:13894: result: no
configure:13897: checking whether to build static libraries
configure:13901: result: yes
configure:14050: checking for ld used by icc
configure:14117: result: /usr/bin/ld
configure:14126: checking if the linker (/usr/bin/ld) is GNU ld
configure:14141: result: yes
configure:14196: checking whether the icc linker (/usr/bin/ld) supports shared libraries
configure:15185: result: no
configure:15213: icc -c -O3  conftest.cpp >&5
configure:15216: $? = 0
configure:15369: checking for icc option to produce PIC
configure:15672: result: -fPIC -DPIC
configure:15681: checking if icc PIC flag -fPIC -DPIC works
configure:15699: icc -c -O3  -fPIC -DPIC -DPIC conftest.cpp >&5
configure:15703: $? = 0
configure:15716: result: yes
configure:15737: checking if icc static flag -static works
configure:15765: result: yes
configure:15777: checking if icc supports -c -o file.o
configure:15798: icc -c -O3  -o out/conftest2.o conftest.cpp >&5
configure:15802: $? = 0
configure:15824: result: yes
configure:15829: checking if icc supports -c -o file.o
configure:15876: result: yes
configure:15906: checking whether the icc linker (/usr/bin/ld) supports shared libraries
configure:15931: result: no
configure:16066: checking dynamic linker characteristics
configure:16677: result: no
configure:16721: checking how to hardcode library paths into programs
configure:16746: result: immediate
configure:16879: checking if libtool supports shared libraries
configure:16881: result: no
configure:16884: checking whether to build shared libraries
configure:16904: result: no
configure:16907: checking whether to build static libraries
configure:16911: result: yes
configure:16925: checking for ifort option to produce PIC
configure:17178: result: -fPIC
configure:17187: checking if ifort PIC flag -fPIC works
configure:17205: ifort -c -O3 -fPIC conftest.f >&5
configure:17209: $? = 0
configure:17222: result: yes
configure:17243: checking if ifort static flag -static works
/usr/lib/gcc/x86_64-redhat-linux/4.4.7/../../../../lib64/libpthread.a(libpthread.o): In function `sem_open':
(.text+0x77cd): warning: the use of `mktemp' is dangerous, better use `mkstemp'
configure:17271: result: no
configure:17283: checking if ifort supports -c -o file.o
configure:17304: ifort -c -O3 -o out/conftest2.o conftest.f >&5
configure:17308: $? = 0
configure:17330: result: yes
configure:17335: checking if ifort supports -c -o file.o
configure:17382: result: yes
configure:17412: checking whether the ifort linker (/usr/bin/ld) supports shared libraries
configure:18463: result: yes
configure:18598: checking dynamic linker characteristics
configure:19209: result: no
configure:19253: checking how to hardcode library paths into programs
configure:19278: result: immediate
configure:19403: checking if libtool supports shared libraries
configure:19405: result: no
configure:19408: checking whether to build shared libraries
configure:19428: result: no
configure:19431: checking whether to build static libraries
configure:19435: result: yes
configure:19461: ifort -c -g  conftest.f90 >&5
configure:19464: $? = 0
configure:19573: checking for ifort option to produce PIC
configure:19826: result: -fPIC
configure:19835: checking if ifort PIC flag -fPIC works
configure:19853: ifort -c -g -fPIC  conftest.f90 >&5
configure:19857: $? = 0
configure:19870: result: yes
configure:19891: checking if ifort static flag -static works
/usr/lib/gcc/x86_64-redhat-linux/4.4.7/../../../../lib64/libpthread.a(libpthread.o): In function `sem_open':
(.text+0x77cd): warning: the use of `mktemp' is dangerous, better use `mkstemp'
configure:19919: result: no
configure:19931: checking if ifort supports -c -o file.o
configure:19952: ifort -c -g -o out/conftest2.o  conftest.f90 >&5
configure:19956: $? = 0
configure:19978: result: yes
configure:19983: checking if ifort supports -c -o file.o
configure:20030: result: yes
configure:20060: checking whether the ifort linker (/usr/bin/ld) supports shared libraries
configure:21111: result: yes
configure:21246: checking dynamic linker characteristics
configure:21857: result: no
configure:21901: checking how to hardcode library paths into programs
configure:21926: result: immediate
configure:21973: finding other utilities
configure:21989: checking for a BSD-compatible install
configure:22045: result: /usr/bin/install -c
configure:22058: trying to set fortran flags for this platform
configure:22103: trying to set flags for this platform
configure:22108: checking if _HPUX_SOURCE should be set
configure:22124: result: no
configure:22129: checking if Solaris -Xa option is needed
configure:22142: result: CFLAGS=-O3
configure:22147: trying to set fortran 90 flags for this platform
configure:22150: checking if we need to add to FFLAGS for ifort compiler
configure:22158: result: FFLAGS=-O3
configure:22168: checking if we need to set _LARGE_FILES despite results of previous tests
configure:22199: result: _LARGE_FILES=
configure:22209: checking for special C compiler options needed for large files
configure:22302: result: no
configure:22308: checking for _FILE_OFFSET_BITS value needed for large files
configure:22343: icc -c -O3  conftest.c >&5
configure:22349: $? = 0
configure:22417: result: no
configure:22553: displaying some results
configure:22559: checking CPPFLAGS
configure:22561: result: 
configure:22563: checking CC CFLAGS
configure:22565: result: icc -O3
configure:22568: checking type icc
configure:22570: result: icc is /share/apps/intel/2013.1.046/composer_xe_2013_sp1.2.144/bin/intel64/icc
configure:22573: checking CXX
configure:22576: result: icc
configure:22578: checking CXXFLAGS
configure:22580: result: -O3
configure:22583: checking type icc
configure:22585: result: icc is /share/apps/intel/2013.1.046/composer_xe_2013_sp1.2.144/bin/intel64/icc
configure:22592: checking FC
configure:22595: result: ifort
configure:22597: checking FFLAGS
configure:22599: result: -O3
configure:22602: checking type ifort
configure:22604: result: ifort is /share/apps/intel/2013.1.046/composer_xe_2013_sp1.2.144/bin/intel64/ifort
configure:22611: checking F90
configure:22614: result: ifort
configure:22616: checking F90FLAGS
configure:22618: result: 
configure:22621: checking type ifort
configure:22623: result: ifort is /share/apps/intel/2013.1.046/composer_xe_2013_sp1.2.144/bin/intel64/ifort
configure:22630: checking AR
configure:22633: result: ar
configure:22635: checking ARFLAGS
configure:22637: result: 
configure:22640: checking type ar
configure:22642: result: ar is /usr/bin/ar
configure:22649: checking NM
configure:22652: result: /usr/bin/nm -B
configure:22654: checking NMFLAGS
configure:22656: result: 
configure:22723: checking for /usr/bin/nm
configure:22750: result: /usr/bin/nm -B
configure:22763: checking nm flags
configure:22768: result: 
configure:22780: checking for C-equivalent to Fortran routine "SUB"
configure:22787: ifort -c -O3  conftest.f
configure:22790: $? = 0
configure:22802: result: sub_
configure:22824: checking for Fortran "byte"
configure:22832: ifort -c -O3  conftest.f
configure:22835: $? = 0
configure:22837: result: yes
configure:22855: checking for Fortran "integer*2"
configure:22863: ifort -c -O3  conftest.f
configure:22866: $? = 0
configure:22868: result: yes
configure:22895: checking if Fortran "byte" is C "signed char"
configure:22905: icc -c  -O3  conftest.c
configure:22908: $? = 0
configure:22911: ifort -O3  -c conftestf.f
configure:22914: $? = 0
configure:22917: ifort -o conftest -O3   conftestf.o conftest.o  
configure:22920: $? = 0
configure:22923: ./conftest
configure:22926: $? = 0
configure:22928: result: yes
configure:22968: checking if Fortran "byte" is C "short"
configure:22978: icc -c  -O3  conftest.c
configure:22981: $? = 0
configure:22984: ifort -O3  -c conftestf.f
configure:22987: $? = 0
configure:22990: ifort -o conftest -O3   conftestf.o conftest.o  
configure:22993: $? = 0
configure:22996: ./conftest
configure:22999: $? = 1
configure:23012: result: no
configure:23041: checking if Fortran "byte" is C "int"
configure:23051: icc -c  -O3  conftest.c
configure:23054: $? = 0
configure:23057: ifort -O3  -c conftestf.f
configure:23060: $? = 0
configure:23063: ifort -o conftest -O3   conftestf.o conftest.o  
configure:23066: $? = 0
configure:23069: ./conftest
configure:23072: $? = 1
configure:23085: result: no
configure:23114: checking if Fortran "byte" is C "long"
configure:23124: icc -c  -O3  conftest.c
configure:23127: $? = 0
configure:23130: ifort -O3  -c conftestf.f
configure:23133: $? = 0
configure:23136: ifort -o conftest -O3   conftestf.o conftest.o  
configure:23139: $? = 0
configure:23142: ./conftest
configure:23145: $? = 1
configure:23158: result: no
configure:23191: checking if Fortran "integer*2" is C "short"
configure:23201: icc -c  -O3  conftest.c
configure:23204: $? = 0
configure:23207: ifort -O3  -c conftestf.f
configure:23210: $? = 0
configure:23213: ifort -o conftest -O3   conftestf.o conftest.o  
configure:23216: $? = 0
configure:23219: ./conftest
configure:23222: $? = 0
configure:23224: result: yes
configure:23264: checking if Fortran "integer*2" is C "int"
configure:23274: icc -c  -O3  conftest.c
configure:23277: $? = 0
configure:23280: ifort -O3  -c conftestf.f
configure:23283: $? = 0
configure:23286: ifort -o conftest -O3   conftestf.o conftest.o  
configure:23289: $? = 0
configure:23292: ./conftest
configure:23295: $? = 1
configure:23308: result: no
configure:23337: checking if Fortran "integer*2" is C "long"
configure:23347: icc -c  -O3  conftest.c
configure:23350: $? = 0
configure:23353: ifort -O3  -c conftestf.f
configure:23356: $? = 0
configure:23359: ifort -o conftest -O3   conftestf.o conftest.o  
configure:23362: $? = 0
configure:23365: ./conftest
configure:23368: $? = 1
configure:23381: result: no
configure:23412: checking if Fortran "integer" is C "int"
configure:23422: icc -c  -O3  conftest.c
configure:23425: $? = 0
configure:23428: ifort -O3  -c conftestf.f
configure:23431: $? = 0
configure:23434: ifort -o conftest -O3   conftestf.o conftest.o  
configure:23437: $? = 0
configure:23440: ./conftest
configure:23443: $? = 0
configure:23445: result: yes
configure:23485: checking if Fortran "real" is C "float"
configure:23495: icc -c  -O3  conftest.c
configure:23498: $? = 0
configure:23501: ifort -O3  -c conftestf.f
configure:23504: $? = 0
configure:23507: ifort -o conftest -O3   conftestf.o conftest.o  
configure:23510: $? = 0
configure:23513: ./conftest
configure:23516: $? = 0
configure:23518: result: yes
configure:23558: checking if Fortran "doubleprecision" is C "double"
configure:23568: icc -c  -O3  conftest.c
configure:23571: $? = 0
configure:23574: ifort -O3  -c conftestf.f
configure:23577: $? = 0
configure:23580: ifort -o conftest -O3   conftestf.o conftest.o  
configure:23583: $? = 0
configure:23586: ./conftest
configure:23589: $? = 0
configure:23591: result: yes
configure:23625: checking for Fortran-equivalent to netCDF "byte"
configure:23633: ifort -c -O3  conftest.f
configure:23636: $? = 0
configure:23647: result: byte
configure:23653: checking for Fortran-equivalent to netCDF "short"
configure:23661: ifort -c -O3  conftest.f
configure:23664: $? = 0
configure:23675: result: integer*2
configure:23742: checking if Fortran 90 compiler capitalizes .mod filenames
configure:23749: ifort  conftest.f90 >&5
/qfs/projects/ops/rh6/intel/2013.1.046/composer_xe_2013_sp1.2.144/compiler/lib/intel64/for_main.o: In function `main':
/export/users/nbtester/efi2linux_nightly/branch-14_0/20140121_010000/libdev/frtl/src/libfor/for_main.c:(.text+0x42): undefined reference to `MAIN__'
configure:23752: $? = 1
configure:23759: result: no
configure:23782: checking types, headers, and functions
configure:23786: checking for stdlib.h
configure:23791: result: yes
configure:23927: checking for sys/types.h
configure:23932: result: yes
configure:24074: checking for strlcat
configure:24130: icc -o conftest -O3   conftest.c  >&5
/tmp/iccGykQVD.o: In function `main':
conftest.c:(.text+0x33): undefined reference to `strlcat'
configure:24136: $? = 1
configure: failed program was:
| /* confdefs.h.  */
| #define PACKAGE_NAME "netCDF"
| #define PACKAGE_TARNAME "netcdf"
| #define PACKAGE_VERSION "3.6.2"
| #define PACKAGE_STRING "netCDF 3.6.2"
| #define PACKAGE_BUGREPORT "support@unidata.ucar.edu"
| #define PACKAGE "netcdf"
| #define VERSION "3.6.2"
| #define USE_EXTREME_NUMBERS 1
| #define TEMP_LARGE $TEMP_LARGE
| #define STDC_HEADERS 1
| #define HAVE_SYS_TYPES_H 1
| #define HAVE_SYS_STAT_H 1
| #define HAVE_STDLIB_H 1
| #define HAVE_STRING_H 1
| #define HAVE_MEMORY_H 1
| #define HAVE_STRINGS_H 1
| #define HAVE_INTTYPES_H 1
| #define HAVE_STDINT_H 1
| #define HAVE_UNISTD_H 1
| #define HAVE_DLFCN_H 1
| #define LT_OBJDIR ".libs/"
| #define pgiFortran 1
| #define NF_INT1_T byte
| #define NF_INT2_T integer*2
| #define NF_INT1_IS_C_SIGNED_CHAR 1
| #define NF_INT2_IS_C_SHORT 1
| #define NF_INT_IS_C_INT 1
| #define NF_REAL_IS_C_FLOAT 1
| #define NF_DOUBLEPRECISION_IS_C_DOUBLE 1
| #define NCBYTE_T byte
| #define NCSHORT_T integer*2
| /* end confdefs.h.  */
| /* Define strlcat to an innocuous variant, in case <limits.h> declares strlcat.
|    For example, HP-UX 11i <limits.h> declares gettimeofday.  */
| #define strlcat innocuous_strlcat
| 
| /* System header to define __stub macros and hopefully few prototypes,
|     which can conflict with char strlcat (); below.
|     Prefer <limits.h> to <assert.h> if __STDC__ is defined, since
|     <limits.h> exists even on freestanding compilers.  */
| 
| #ifdef __STDC__
| # include <limits.h>
| #else
| # include <assert.h>
| #endif
| 
| #undef strlcat
| 
| /* Override any GCC internal prototype to avoid an error.
|    Use char because int might match the return type of a GCC
|    builtin and then its argument prototype would still apply.  */
| #ifdef __cplusplus
| extern "C"
| #endif
| char strlcat ();
| /* The GNU C library defines this for functions which it implements
|     to always fail with ENOSYS.  Some functions are actually named
|     something starting with __ and the normal name is an alias.  */
| #if defined __stub_strlcat || defined __stub___strlcat
| choke me
| #endif
| 
| int
| main ()
| {
| return strlcat ();
|   ;
|   return 0;
| }
configure:24154: result: no
configure:24074: checking for strerror
configure:24130: icc -o conftest -O3   conftest.c  >&5
configure:24136: $? = 0
configure:24154: result: yes
configure:24166: checking for working alloca.h
configure:24193: icc -o conftest -O3   conftest.c  >&5
configure:24199: $? = 0
configure:24216: result: yes
configure:24226: checking for alloca
configure:24273: icc -o conftest -O3   conftest.c  >&5
configure:24279: $? = 0
configure:24296: result: yes
configure:24525: checking for struct stat.st_blksize
configure:24553: icc -c -O3  conftest.c >&5
configure:24559: $? = 0
configure:24616: result: yes
configure:24633: checking for IEEE floating point format
configure:24681: icc -o conftest -O3   conftest.c  >&5
configure:24684: $? = 0
configure:24690: ./conftest
configure:24693: $? = 0
configure:24708: result: yes
configure:24718: checking for size_t
configure:24748: icc -c -O3  conftest.c >&5
configure:24754: $? = 0
configure:24769: result: yes
configure:24781: checking for off_t
configure:24811: icc -c -O3  conftest.c >&5
configure:24817: $? = 0
configure:24832: result: yes
configure:24844: checking for ssize_t
configure:24874: icc -c -O3  conftest.c >&5
configure:24880: $? = 0
configure:24895: result: yes
configure:24905: checking for ptrdiff_t
configure:24935: icc -c -O3  conftest.c >&5
configure:24941: $? = 0
configure:24956: result: yes
configure:24966: checking for uchar
configure:24996: icc -c -O3  conftest.c >&5
conftest.c(74): error: identifier "uchar" is undefined
  typedef uchar ac__type_new_;
          ^

compilation aborted for conftest.c (code 2)
configure:25002: $? = 2
configure: failed program was:
| /* confdefs.h.  */
| #define PACKAGE_NAME "netCDF"
| #define PACKAGE_TARNAME "netcdf"
| #define PACKAGE_VERSION "3.6.2"
| #define PACKAGE_STRING "netCDF 3.6.2"
| #define PACKAGE_BUGREPORT "support@unidata.ucar.edu"
| #define PACKAGE "netcdf"
| #define VERSION "3.6.2"
| #define USE_EXTREME_NUMBERS 1
| #define TEMP_LARGE $TEMP_LARGE
| #define STDC_HEADERS 1
| #define HAVE_SYS_TYPES_H 1
| #define HAVE_SYS_STAT_H 1
| #define HAVE_STDLIB_H 1
| #define HAVE_STRING_H 1
| #define HAVE_MEMORY_H 1
| #define HAVE_STRINGS_H 1
| #define HAVE_INTTYPES_H 1
| #define HAVE_STDINT_H 1
| #define HAVE_UNISTD_H 1
| #define HAVE_DLFCN_H 1
| #define LT_OBJDIR ".libs/"
| #define pgiFortran 1
| #define NF_INT1_T byte
| #define NF_INT2_T integer*2
| #define NF_INT1_IS_C_SIGNED_CHAR 1
| #define NF_INT2_IS_C_SHORT 1
| #define NF_INT_IS_C_INT 1
| #define NF_REAL_IS_C_FLOAT 1
| #define NF_DOUBLEPRECISION_IS_C_DOUBLE 1
| #define NCBYTE_T byte
| #define NCSHORT_T integer*2
| #define HAVE_STRERROR 1
| #define HAVE_ALLOCA_H 1
| #define HAVE_ALLOCA 1
| #define HAVE_STRUCT_STAT_ST_BLKSIZE 1
| #define HAVE_ST_BLKSIZE 1
| #define HAVE_SSIZE_T 1
| #define HAVE_PTRDIFF_T 1
| /* end confdefs.h.  */
| #include <stdio.h>
| #ifdef HAVE_SYS_TYPES_H
| # include <sys/types.h>
| #endif
| #ifdef HAVE_SYS_STAT_H
| # include <sys/stat.h>
| #endif
| #ifdef STDC_HEADERS
| # include <stdlib.h>
| # include <stddef.h>
| #else
| # ifdef HAVE_STDLIB_H
| #  include <stdlib.h>
| # endif
| #endif
| #ifdef HAVE_STRING_H
| # if !defined STDC_HEADERS && defined HAVE_MEMORY_H
| #  include <memory.h>
| # endif
| # include <string.h>
| #endif
| #ifdef HAVE_STRINGS_H
| # include <strings.h>
| #endif
| #ifdef HAVE_INTTYPES_H
| # include <inttypes.h>
| #endif
| #ifdef HAVE_STDINT_H
| # include <stdint.h>
| #endif
| #ifdef HAVE_UNISTD_H
| # include <unistd.h>
| #endif
| typedef uchar ac__type_new_;
| int
| main ()
| {
| if ((ac__type_new_ *) 0)
|   return 0;
| if (sizeof (ac__type_new_))
|   return 0;
|   ;
|   return 0;
| }
configure:25017: result: no
configure:25032: checking whether char is unsigned
configure:25060: icc -c -O3  conftest.c >&5
configure:25066: $? = 0
configure:25081: result: no
configure:25090: checking whether byte ordering is bigendian
configure:25123: icc -c -O3  conftest.c >&5
configure:25129: $? = 0
configure:25161: icc -c -O3  conftest.c >&5
conftest.c(48): error: identifier "not" is undefined
   not big endian
   ^

conftest.c(48): error: expected a ";"
   not big endian
           ^

conftest.c(51): warning #12: parsing restarts here after previous syntax error
    ;
    ^

compilation aborted for conftest.c (code 2)
configure:25167: $? = 2
configure: failed program was:
| /* confdefs.h.  */
| #define PACKAGE_NAME "netCDF"
| #define PACKAGE_TARNAME "netcdf"
| #define PACKAGE_VERSION "3.6.2"
| #define PACKAGE_STRING "netCDF 3.6.2"
| #define PACKAGE_BUGREPORT "support@unidata.ucar.edu"
| #define PACKAGE "netcdf"
| #define VERSION "3.6.2"
| #define USE_EXTREME_NUMBERS 1
| #define TEMP_LARGE $TEMP_LARGE
| #define STDC_HEADERS 1
| #define HAVE_SYS_TYPES_H 1
| #define HAVE_SYS_STAT_H 1
| #define HAVE_STDLIB_H 1
| #define HAVE_STRING_H 1
| #define HAVE_MEMORY_H 1
| #define HAVE_STRINGS_H 1
| #define HAVE_INTTYPES_H 1
| #define HAVE_STDINT_H 1
| #define HAVE_UNISTD_H 1
| #define HAVE_DLFCN_H 1
| #define LT_OBJDIR ".libs/"
| #define pgiFortran 1
| #define NF_INT1_T byte
| #define NF_INT2_T integer*2
| #define NF_INT1_IS_C_SIGNED_CHAR 1
| #define NF_INT2_IS_C_SHORT 1
| #define NF_INT_IS_C_INT 1
| #define NF_REAL_IS_C_FLOAT 1
| #define NF_DOUBLEPRECISION_IS_C_DOUBLE 1
| #define NCBYTE_T byte
| #define NCSHORT_T integer*2
| #define HAVE_STRERROR 1
| #define HAVE_ALLOCA_H 1
| #define HAVE_ALLOCA 1
| #define HAVE_STRUCT_STAT_ST_BLKSIZE 1
| #define HAVE_ST_BLKSIZE 1
| #define HAVE_SSIZE_T 1
| #define HAVE_PTRDIFF_T 1
| /* end confdefs.h.  */
| #include <sys/types.h>
| #include <sys/param.h>
| 
| int
| main ()
| {
| #if BYTE_ORDER != BIG_ENDIAN
|  not big endian
| #endif
| 
|   ;
|   return 0;
| }
configure:25307: result: no
configure:25326: checking for short
configure:25356: icc -c -O3  conftest.c >&5
configure:25362: $? = 0
configure:25377: result: yes
configure:25384: checking size of short
configure:25686: icc -o conftest -O3   conftest.c  >&5
configure:25689: $? = 0
configure:25695: ./conftest
configure:25698: $? = 0
configure:25721: result: 2
configure:25731: checking for int
configure:25761: icc -c -O3  conftest.c >&5
configure:25767: $? = 0
configure:25782: result: yes
configure:25789: checking size of int
configure:26091: icc -o conftest -O3   conftest.c  >&5
configure:26094: $? = 0
configure:26100: ./conftest
configure:26103: $? = 0
configure:26126: result: 4
configure:26136: checking for long
configure:26166: icc -c -O3  conftest.c >&5
configure:26172: $? = 0
configure:26187: result: yes
configure:26194: checking size of long
configure:26496: icc -o conftest -O3   conftest.c  >&5
configure:26499: $? = 0
configure:26505: ./conftest
configure:26508: $? = 0
configure:26531: result: 8
configure:26541: checking for float
configure:26571: icc -c -O3  conftest.c >&5
configure:26577: $? = 0
configure:26592: result: yes
configure:26599: checking size of float
configure:26901: icc -o conftest -O3   conftest.c  >&5
configure:26904: $? = 0
configure:26910: ./conftest
configure:26913: $? = 0
configure:26936: result: 4
configure:26946: checking for double
configure:26976: icc -c -O3  conftest.c >&5
configure:26982: $? = 0
configure:26997: result: yes
configure:27004: checking size of double
configure:27306: icc -o conftest -O3   conftest.c  >&5
configure:27309: $? = 0
configure:27315: ./conftest
configure:27318: $? = 0
configure:27341: result: 8
configure:27351: checking for off_t
configure:27402: result: yes
configure:27409: checking size of off_t
configure:27711: icc -o conftest -O3   conftest.c  >&5
configure:27714: $? = 0
configure:27720: ./conftest
configure:27723: $? = 0
configure:27746: result: 8
configure:27756: checking for size_t
configure:27807: result: yes
configure:27814: checking size of size_t
configure:28116: icc -o conftest -O3   conftest.c  >&5
configure:28119: $? = 0
configure:28125: ./conftest
configure:28128: $? = 0
configure:28151: result: 8
configure:28250: checking for manual-page index command
configure:28252: result: 
configure:28255: checking binary distribution directory
configure:28263: result: /home/ftp/pub/binary/dummy_system
configure:28286: generating header files and makefiles
configure:28567: creating ./config.status

## ---------------------- ##
## Running config.status. ##
## ---------------------- ##

This file was extended by netCDF config.status 3.6.2, which was
generated by GNU Autoconf 2.61.  Invocation command line was

  CONFIG_FILES    = 
  CONFIG_HEADERS  = 
  CONFIG_LINKS    = 
  CONFIG_COMMANDS = 
  $ ./config.status 

on constance03.pnl.gov

config.status:1062: creating Makefile
config.status:1062: creating man/Makefile
config.status:1062: creating fortran/Makefile
config.status:1062: creating libsrc/Makefile
config.status:1062: creating nctest/Makefile
config.status:1062: creating nc_test/Makefile
config.status:1062: creating ncdump/Makefile
config.status:1062: creating ncgen/Makefile
config.status:1062: creating nf_test/Makefile
config.status:1062: creating cxx/Makefile
config.status:1062: creating f90/Makefile
config.status:1062: creating examples/Makefile
config.status:1062: creating examples/C/Makefile
config.status:1062: creating examples/CDL/Makefile
config.status:1062: creating examples/CXX/Makefile
config.status:1062: creating examples/F90/Makefile
config.status:1062: creating examples/F77/Makefile
config.status:1062: creating config.h
config.status:1310: config.h is unchanged
config.status:1062: creating fortran/nfconfig1.inc
config.status:1356: executing depfiles commands
config.status:1356: executing libtool commands

## ---------------- ##
## Cache variables. ##
## ---------------- ##

ac_cv_build=x86_64-pc-none
ac_cv_c_bigendian=no
ac_cv_c_char_unsigned=no
ac_cv_c_compiler_gnu=yes
ac_cv_c_const=yes
ac_cv_c_ieeefloat=yes
ac_cv_cxx_compiler_gnu=yes
ac_cv_env_CCC_set=
ac_cv_env_CCC_value=
ac_cv_env_CC_set=set
ac_cv_env_CC_value=icc
ac_cv_env_CFLAGS_set=set
ac_cv_env_CFLAGS_value=-O3
ac_cv_env_CPPFLAGS_set=
ac_cv_env_CPPFLAGS_value=
ac_cv_env_CPP_set=
ac_cv_env_CPP_value=
ac_cv_env_CXXCPP_set=
ac_cv_env_CXXCPP_value=
ac_cv_env_CXXFLAGS_set=set
ac_cv_env_CXXFLAGS_value=-O3
ac_cv_env_CXX_set=set
ac_cv_env_CXX_value=icc
ac_cv_env_F77_set=set
ac_cv_env_F77_value=ifort
ac_cv_env_FCFLAGS_set=
ac_cv_env_FCFLAGS_value=
ac_cv_env_FC_set=set
ac_cv_env_FC_value=ifort
ac_cv_env_FFLAGS_set=set
ac_cv_env_FFLAGS_value=-O3
ac_cv_env_LDFLAGS_set=
ac_cv_env_LDFLAGS_value=
ac_cv_env_LIBS_set=
ac_cv_env_LIBS_value=
ac_cv_env_build_alias_set=set
ac_cv_env_build_alias_value=x86_64
ac_cv_env_host_alias_set=
ac_cv_env_host_alias_value=
ac_cv_env_target_alias_set=
ac_cv_env_target_alias_value=
ac_cv_f77_compiler_gnu=no
ac_cv_fc_compiler_gnu=no
ac_cv_fc_srcext_f90=none
ac_cv_func_alloca_works=yes
ac_cv_func_strerror=yes
ac_cv_func_strlcat=no
ac_cv_header_dlfcn_h=yes
ac_cv_header_inttypes_h=yes
ac_cv_header_memory_h=yes
ac_cv_header_stdc=yes
ac_cv_header_stdint_h=yes
ac_cv_header_stdlib_h=yes
ac_cv_header_string_h=yes
ac_cv_header_strings_h=yes
ac_cv_header_sys_stat_h=yes
ac_cv_header_sys_types_h=yes
ac_cv_header_unistd_h=yes
ac_cv_host=x86_64-pc-none
ac_cv_member_struct_stat_st_blksize=yes
ac_cv_objext=o
ac_cv_path_EGREP='/bin/grep -E'
ac_cv_path_FGREP='/bin/grep -F'
ac_cv_path_GREP=/bin/grep
ac_cv_path_SED=/bin/sed
ac_cv_path_install='/usr/bin/install -c'
ac_cv_prog_AWK=gawk
ac_cv_prog_CPP='icc -E'
ac_cv_prog_CXXCPP='icc -E'
ac_cv_prog_NM='/usr/bin/nm -B'
ac_cv_prog_ac_ct_AR=ar
ac_cv_prog_ac_ct_RANLIB=ranlib
ac_cv_prog_ac_ct_STRIP=strip
ac_cv_prog_cc_c89=
ac_cv_prog_cc_g=yes
ac_cv_prog_cc_icc_c_o=yes
ac_cv_prog_cxx_g=yes
ac_cv_prog_f77_g=yes
ac_cv_prog_f90_uppercase_mod=no
ac_cv_prog_fc_g=yes
ac_cv_prog_make_make_set=yes
ac_cv_sizeof_double=8
ac_cv_sizeof_float=4
ac_cv_sizeof_int=4
ac_cv_sizeof_long=8
ac_cv_sizeof_off_t=8
ac_cv_sizeof_short=2
ac_cv_sizeof_size_t=8
ac_cv_sys_file_offset_bits=no
ac_cv_sys_largefile_CC=no
ac_cv_type_double=yes
ac_cv_type_float=yes
ac_cv_type_int=yes
ac_cv_type_long=yes
ac_cv_type_off_t=yes
ac_cv_type_ptrdiff_t=yes
ac_cv_type_short=yes
ac_cv_type_size_t=yes
ac_cv_type_ssize_t=yes
ac_cv_type_uchar=no
ac_cv_working_alloca_h=yes
am_cv_CC_dependencies_compiler_type=gcc3
am_cv_CXX_dependencies_compiler_type=gcc3
lt_cv_deplibs_check_method=unknown
lt_cv_file_magic_cmd='$MAGIC_CMD'
lt_cv_file_magic_test_file=
lt_cv_ld_reload_flag=-r
lt_cv_nm_interface='BSD nm'
lt_cv_objdir=.libs
lt_cv_path_LD=/usr/bin/ld
lt_cv_path_LDCXX=/usr/bin/ld
lt_cv_path_NM='/usr/bin/nm -B'
lt_cv_prog_compiler_c_o=yes
lt_cv_prog_compiler_c_o_CXX=yes
lt_cv_prog_compiler_c_o_F77=yes
lt_cv_prog_compiler_c_o_FC=yes
lt_cv_prog_compiler_rtti_exceptions=yes
lt_cv_prog_gnu_ld=yes
lt_cv_prog_gnu_ldcxx=yes
lt_cv_sys_global_symbol_pipe='sed -n -e '\''s/^.*[ 	]\([ABCDGIRSTW][ABCDGIRSTW]*\)[ 	][ 	]*\([_A-Za-z][_A-Za-z0-9]*\)$/\1 \2 \2/p'\'''
lt_cv_sys_global_symbol_to_c_name_address='sed -n -e '\''s/^: \([^ ]*\) $/  {\"\1\", (void *) 0},/p'\'' -e '\''s/^[ABCDGIRSTW]* \([^ ]*\) \([^ ]*\)$/  {"\2", (void *) \&\2},/p'\'''
lt_cv_sys_global_symbol_to_cdecl='sed -n -e '\''s/^T .* \(.*\)$/extern int \1();/p'\'' -e '\''s/^[ABCDGIRSTW]* .* \(.*\)$/extern char \1;/p'\'''
lt_cv_sys_max_cmd_len=32768

## ----------------- ##
## Output variables. ##
## ----------------- ##

ACLOCAL='${SHELL} /pic/projects/mhk_modeling/Taiping/mhk_modeling/WAVE/FY2020/fvcom431-master/FVCOM_source/libs/netcdf/missing --run aclocal-1.9'
ALLOCA=''
AMDEPBACKSLASH='\'
AMDEP_FALSE='#'
AMDEP_TRUE=''
AMTAR='${SHELL} /pic/projects/mhk_modeling/Taiping/mhk_modeling/WAVE/FY2020/fvcom431-master/FVCOM_source/libs/netcdf/missing --run tar'
AR='ar'
AS='as'
AUTOCONF='${SHELL} /pic/projects/mhk_modeling/Taiping/mhk_modeling/WAVE/FY2020/fvcom431-master/FVCOM_source/libs/netcdf/missing --run autoconf'
AUTOHEADER='${SHELL} /pic/projects/mhk_modeling/Taiping/mhk_modeling/WAVE/FY2020/fvcom431-master/FVCOM_source/libs/netcdf/missing --run autoheader'
AUTOMAKE='${SHELL} /pic/projects/mhk_modeling/Taiping/mhk_modeling/WAVE/FY2020/fvcom431-master/FVCOM_source/libs/netcdf/missing --run automake-1.9'
AWK='gawk'
BUILD_CXX_FALSE='#'
BUILD_CXX_TRUE=''
BUILD_C_FALSE='#'
BUILD_C_TRUE=''
BUILD_DLL_FALSE=''
BUILD_DLL_TRUE='#'
BUILD_EXAMPLES_FALSE='#'
BUILD_EXAMPLES_TRUE=''
BUILD_F77_FALSE='#'
BUILD_F77_TRUE=''
BUILD_F90_FALSE='#'
BUILD_F90_TRUE=''
BUILD_SEPARATE_FORTRAN_FALSE=''
BUILD_SEPARATE_FORTRAN_TRUE='#'
BUILD_SHARED_FALSE=''
BUILD_SHARED_TRUE='#'
BUILD_UTILITIES_FALSE='#'
BUILD_UTILITIES_TRUE=''
BUILD_V2_FALSE='#'
BUILD_V2_TRUE=''
CC='icc'
CCDEPMODE='depmode=gcc3'
CFLAGS='-O3'
CPP='icc -E'
CPPFLAGS=''
CXX='icc'
CXXCPP='icc -E'
CXXDEPMODE='depmode=gcc3'
CXXFLAGS='-O3'
CYGPATH_W='echo'
DEFS='-DHAVE_CONFIG_H'
DEPDIR='.deps'
DLLTOOL='dlltool'
DUMPBIN=''
ECHO_C=''
ECHO_N='-n'
ECHO_T=''
EGREP='/bin/grep -E'
EXEEXT=''
F77='ifort'
FC='ifort'
FCFLAGS='-g'
FCFLAGS_f90=''
FFLAGS='-O3'
FGREP='/bin/grep -F'
FTPBINDIR='/home/ftp/pub/binary/dummy_system'
GREP='/bin/grep'
INSTALL_DATA='${INSTALL} -m 644'
INSTALL_DOCS_FALSE=''
INSTALL_DOCS_TRUE='#'
INSTALL_PROGRAM='${INSTALL}'
INSTALL_SCRIPT='${INSTALL}'
INSTALL_STRIP_PROGRAM='${SHELL} $(install_sh) -c -s'
LARGE_FILE_TESTS_FALSE=''
LARGE_FILE_TESTS_TRUE='#'
LD='/usr/bin/ld'
LDFLAGS=''
LIBOBJS=''
LIBS=''
LIBTOOL='$(SHELL) $(top_builddir)/libtool'
LN_S='ln -s'
LTLIBOBJS=''
MAKEINFO='${SHELL} /pic/projects/mhk_modeling/Taiping/mhk_modeling/WAVE/FY2020/fvcom431-master/FVCOM_source/libs/netcdf/missing --run makeinfo'
MAKEWHATIS_CMD=''
MOD_FLAG='-I'
NETCDF_C_LIB=''
NM='/usr/bin/nm -B'
NMFLAGS=''
OBJDUMP='objdump'
OBJEXT='o'
PACKAGE='netcdf'
PACKAGE_BUGREPORT='support@unidata.ucar.edu'
PACKAGE_NAME='netCDF'
PACKAGE_STRING='netCDF 3.6.2'
PACKAGE_TARNAME='netcdf'
PACKAGE_VERSION='3.6.2'
PATH_SEPARATOR=':'
RANLIB='ranlib'
SED='/bin/sed'
SET_MAKE=''
SHAREEXT_DYLIB_FALSE=''
SHAREEXT_DYLIB_TRUE='#'
SHAREEXT_SL_FALSE=''
SHAREEXT_SL_TRUE='#'
SHELL='/bin/sh'
STRIP='strip'
TEST_F77_FALSE='#'
TEST_F77_TRUE=''
TEST_PARALLEL_FALSE=''
TEST_PARALLEL_TRUE='#'
UPPER_CASE_MOD_FALSE=''
UPPER_CASE_MOD_TRUE='#'
USE_FFIO_FALSE=''
USE_FFIO_TRUE='#'
USE_HDF5_DIR_FALSE=''
USE_HDF5_DIR_TRUE='#'
USE_NETCDF4_FALSE=''
USE_NETCDF4_TRUE='#'
USE_NETCDF_C_LIB_DIR_FALSE=''
USE_NETCDF_C_LIB_DIR_TRUE='#'
VERSION='3.6.2'
WHATIS='whatis'
ac_ct_CC=''
ac_ct_CXX=''
ac_ct_DUMPBIN=''
ac_ct_F77=''
ac_ct_FC=''
am__fastdepCC_FALSE='#'
am__fastdepCC_TRUE=''
am__fastdepCXX_FALSE='#'
am__fastdepCXX_TRUE=''
am__include='include'
am__leading_dot='.'
am__quote=''
am__tar='${AMTAR} chof - "$$tardir"'
am__untar='${AMTAR} xf -'
bindir='${exec_prefix}/bin'
build='x86_64-pc-none'
build_alias='x86_64'
build_cpu='x86_64'
build_os='none'
build_vendor='pc'
datadir='${datarootdir}'
datarootdir='${prefix}/share'
docdir='${datarootdir}/doc/${PACKAGE_TARNAME}'
dvidir='${docdir}'
exec_prefix='${prefix}'
host='x86_64-pc-none'
host_alias=''
host_cpu='x86_64'
host_os='none'
host_vendor='pc'
htmldir='${docdir}'
includedir='${prefix}/include'
infodir='${datarootdir}/info'
install_sh='/pic/projects/mhk_modeling/Taiping/mhk_modeling/WAVE/FY2020/fvcom431-master/FVCOM_source/libs/netcdf/install-sh'
libdir='${exec_prefix}/lib'
libexecdir='${exec_prefix}/libexec'
localedir='${datarootdir}/locale'
localstatedir='${prefix}/var'
lt_ECHO='echo'
mandir='${datarootdir}/man'
mkdir_p='mkdir -p --'
oldincludedir='/usr/include'
pdfdir='${docdir}'
prefix='/pic/projects/mhk_modeling/Taiping/mhk_modeling/WAVE/FY2020/fvcom431-master/FVCOM_source/libs/install'
prog=''
program_transform_name='s,x,x,'
psdir='${docdir}'
sbindir='${exec_prefix}/sbin'
sharedstatedir='${prefix}/com'
sysconfdir='${prefix}/etc'
target_alias=''

## ----------- ##
## confdefs.h. ##
## ----------- ##

#define PACKAGE_NAME "netCDF"
#define PACKAGE_TARNAME "netcdf"
#define PACKAGE_VERSION "3.6.2"
#define PACKAGE_STRING "netCDF 3.6.2"
#define PACKAGE_BUGREPORT "support@unidata.ucar.edu"
#define PACKAGE "netcdf"
#define VERSION "3.6.2"
#define USE_EXTREME_NUMBERS 1
#define TEMP_LARGE $TEMP_LARGE
#define STDC_HEADERS 1
#define HAVE_SYS_TYPES_H 1
#define HAVE_SYS_STAT_H 1
#define HAVE_STDLIB_H 1
#define HAVE_STRING_H 1
#define HAVE_MEMORY_H 1
#define HAVE_STRINGS_H 1
#define HAVE_INTTYPES_H 1
#define HAVE_STDINT_H 1
#define HAVE_UNISTD_H 1
#define HAVE_DLFCN_H 1
#define LT_OBJDIR ".libs/"
#define pgiFortran 1
#define NF_INT1_T byte
#define NF_INT2_T integer*2
#define NF_INT1_IS_C_SIGNED_CHAR 1
#define NF_INT2_IS_C_SHORT 1
#define NF_INT_IS_C_INT 1
#define NF_REAL_IS_C_FLOAT 1
#define NF_DOUBLEPRECISION_IS_C_DOUBLE 1
#define NCBYTE_T byte
#define NCSHORT_T integer*2
#define HAVE_STRERROR 1
#define HAVE_ALLOCA_H 1
#define HAVE_ALLOCA 1
#define HAVE_STRUCT_STAT_ST_BLKSIZE 1
#define HAVE_ST_BLKSIZE 1
#define HAVE_SSIZE_T 1
#define HAVE_PTRDIFF_T 1
#define SIZEOF_SHORT 2
#define SIZEOF_INT 4
#define SIZEOF_LONG 8
#define SIZEOF_FLOAT 4
#define SIZEOF_DOUBLE 8
#define SIZEOF_OFF_T 8
#define SIZEOF_SIZE_T 8

configure: exit 0
