This file contains any messages produced by compilers while
running configure, to aid debugging if configure makes a mistake.

It was created by PROJ.4 Projections configure 4.5.0, which was
generated by GNU Autoconf 2.59.  Invocation command line was

  $ ./configure CC=icc CFLAGS=-O3 CXX=icc CXXFLAGS=-O3 F77=ifort FFLAGS=-O3 --prefix=/pic/projects/mhk_modeling/Taiping/mhk_modeling/WAVE/FY2020/fvcom431-master/FVCOM_source/libs/install

## --------- ##
## Platform. ##
## --------- ##

hostname = constance03.pnl.gov
uname -m = x86_64
uname -r = 2.6.32-642.6.2.el6.x86_64
uname -s = Linux
uname -v = #1 SMP Mon Oct 24 10:22:33 EDT 2016

/usr/bin/uname -p = unknown
/bin/uname -X     = unknown

/bin/arch              = x86_64
/usr/bin/arch -k       = unknown
/usr/convex/getsysinfo = unknown
hostinfo               = unknown
/bin/machine           = unknown
/usr/bin/oslevel       = unknown
/bin/universe          = unknown

PATH: /share/apps/proj4/4.9.3/bin
PATH: /share/apps/netcdf/4.3.2/intel/14.0.2/bin
PATH: /share/apps/mvapich2/1.8.1/intel/14.0.2/bin
PATH: /share/apps/intel/2013.1.046/composer_xe_2013_sp1.2.144/bin/intel64
PATH: /share/apps/intel/2013.1.046/composer_xe_2013_sp1.2.144/mpirt/bin/intel64
PATH: /share/apps/intel/2013.1.046/composer_xe_2013_sp1.2.144/ipp/include
PATH: /share/apps/intel/2013.1.046/composer_xe_2013_sp1.2.144/debugger/gdb/intel64_mic/bin
PATH: /usr/lib64/qt-3.3/bin
PATH: /people/scicons/constance/bin
PATH: /people/scicons/bin
PATH: /usr/local/bin
PATH: /bin
PATH: /usr/bin
PATH: /opt/eclipse
PATH: /opt/ganglia/bin
PATH: /opt/ganglia/sbin
PATH: /usr/java/latest/bin
PATH: /opt/pdsh/bin
PATH: /opt/rocks/bin


## ----------- ##
## Core tests. ##
## ----------- ##

configure:1561: checking for a BSD-compatible install
configure:1616: result: /usr/bin/install -c
configure:1627: checking whether build environment is sane
configure:1670: result: yes
configure:1735: checking for gawk
configure:1751: found /bin/gawk
configure:1761: result: gawk
configure:1771: checking whether make sets $(MAKE)
configure:1791: result: yes
configure:1959: checking whether to enable maintainer-specific portions of Makefiles
configure:1968: result: no
configure:2032: checking for gcc
configure:2058: result: icc
configure:2302: checking for C compiler version
configure:2305: icc --version </dev/null >&5
icc (ICC) 14.0.2 20140120
Copyright (C) 1985-2014 Intel Corporation.  All rights reserved.

configure:2308: $? = 0
configure:2310: icc -v </dev/null >&5
icc version 14.0.2 (gcc version 4.4.7 compatibility)
configure:2313: $? = 0
configure:2315: icc -V </dev/null >&5
Intel(R) C Intel(R) 64 Compiler XE for applications running on Intel(R) 64, Version 14.0.2.144 Build 20140120
Copyright (C) 1985-2014 Intel Corporation.  All rights reserved.

configure:2318: $? = 0
configure:2341: checking for C compiler default output file name
configure:2344: icc -O3   conftest.c  >&5
configure:2347: $? = 0
configure:2393: result: a.out
configure:2398: checking whether the C compiler works
configure:2404: ./a.out
configure:2407: $? = 0
configure:2424: result: yes
configure:2431: checking whether we are cross compiling
configure:2433: result: no
configure:2436: checking for suffix of executables
configure:2438: icc -o conftest -O3   conftest.c  >&5
configure:2441: $? = 0
configure:2466: result: 
configure:2472: checking for suffix of object files
configure:2493: icc -c -O3  conftest.c >&5
configure:2496: $? = 0
configure:2518: result: o
configure:2522: checking whether we are using the GNU C compiler
configure:2546: icc -c -O3  conftest.c >&5
configure:2552: $? = 0
configure:2556: test -z 
			 || test ! -s conftest.err
configure:2559: $? = 0
configure:2562: test -s conftest.o
configure:2565: $? = 0
configure:2578: result: yes
configure:2584: checking whether icc accepts -g
configure:2605: icc -c -g  conftest.c >&5
configure:2611: $? = 0
configure:2615: test -z 
			 || test ! -s conftest.err
configure:2618: $? = 0
configure:2621: test -s conftest.o
configure:2624: $? = 0
configure:2635: result: yes
configure:2652: checking for icc option to accept ANSI C
configure:2722: icc  -c -O3  conftest.c >&5
configure:2728: $? = 0
configure:2732: test -z 
			 || test ! -s conftest.err
configure:2735: $? = 0
configure:2738: test -s conftest.o
configure:2741: $? = 0
configure:2759: result: none needed
configure:2777: icc -c -O3  conftest.c >&5
conftest.c(2): error: identifier "choke" is undefined
    choke me
    ^

conftest.c(3): error: expected a ";"

compilation aborted for conftest.c (code 2)
configure:2783: $? = 2
configure: failed program was:
| #ifndef __cplusplus
|   choke me
| #endif
configure:2927: checking for style of include used by make
configure:2955: result: GNU
configure:2983: checking dependency style of icc
configure:3073: result: gcc3
configure:3103: checking for a BSD-compatible install
configure:3158: result: /usr/bin/install -c
configure:3169: checking whether ln -s works
configure:3173: result: yes
configure:3180: checking whether make sets $(MAKE)
configure:3200: result: yes
configure:3287: checking build system type
configure:3305: result: x86_64-unknown-linux-gnu
configure:3313: checking host system type
configure:3327: result: x86_64-unknown-linux-gnu
configure:3335: checking for a sed that does not truncate output
configure:3389: result: /bin/sed
configure:3392: checking for egrep
configure:3402: result: grep -E
configure:3418: checking for ld used by icc
configure:3485: result: /usr/bin/ld
configure:3494: checking if the linker (/usr/bin/ld) is GNU ld
configure:3509: result: yes
configure:3514: checking for /usr/bin/ld option to reload object files
configure:3521: result: -r
configure:3539: checking for BSD-compatible nm
configure:3588: result: /usr/bin/nm -B
configure:3592: checking how to recognise dependent libraries
configure:3768: result: pass_all
configure:3856: icc -c -O3  conftest.c >&5
configure:3859: $? = 0
configure:4005: checking how to run the C preprocessor
configure:4040: icc -E  conftest.c
configure:4046: $? = 0
configure:4078: icc -E  conftest.c
conftest.c(11): error #2379: cannot open source file "ac_nonexistent.h"
  #include <ac_nonexistent.h>
                             ^

configure:4084: $? = 2
configure: failed program was:
| /* confdefs.h.  */
| 
| #define PACKAGE_NAME "PROJ.4 Projections"
| #define PACKAGE_TARNAME "proj"
| #define PACKAGE_VERSION "4.5.0"
| #define PACKAGE_STRING "PROJ.4 Projections 4.5.0"
| #define PACKAGE_BUGREPORT "warmerdam@pobox.com"
| #define PACKAGE "proj"
| #define VERSION "4.5.0"
| /* end confdefs.h.  */
| #include <ac_nonexistent.h>
configure:4123: result: icc -E
configure:4147: icc -E  conftest.c
configure:4153: $? = 0
configure:4185: icc -E  conftest.c
conftest.c(11): error #2379: cannot open source file "ac_nonexistent.h"
  #include <ac_nonexistent.h>
                             ^

configure:4191: $? = 2
configure: failed program was:
| /* confdefs.h.  */
| 
| #define PACKAGE_NAME "PROJ.4 Projections"
| #define PACKAGE_TARNAME "proj"
| #define PACKAGE_VERSION "4.5.0"
| #define PACKAGE_STRING "PROJ.4 Projections 4.5.0"
| #define PACKAGE_BUGREPORT "warmerdam@pobox.com"
| #define PACKAGE "proj"
| #define VERSION "4.5.0"
| /* end confdefs.h.  */
| #include <ac_nonexistent.h>
configure:4235: checking for ANSI C header files
configure:4260: icc -c -O3  conftest.c >&5
configure:4266: $? = 0
configure:4270: test -z 
			 || test ! -s conftest.err
configure:4273: $? = 0
configure:4276: test -s conftest.o
configure:4279: $? = 0
configure:4368: icc -o conftest -O3   conftest.c  >&5
configure:4371: $? = 0
configure:4373: ./conftest
configure:4376: $? = 0
configure:4391: result: yes
configure:4415: checking for sys/types.h
configure:4431: icc -c -O3  conftest.c >&5
configure:4437: $? = 0
configure:4441: test -z 
			 || test ! -s conftest.err
configure:4444: $? = 0
configure:4447: test -s conftest.o
configure:4450: $? = 0
configure:4461: result: yes
configure:4415: checking for sys/stat.h
configure:4431: icc -c -O3  conftest.c >&5
configure:4437: $? = 0
configure:4441: test -z 
			 || test ! -s conftest.err
configure:4444: $? = 0
configure:4447: test -s conftest.o
configure:4450: $? = 0
configure:4461: result: yes
configure:4415: checking for stdlib.h
configure:4431: icc -c -O3  conftest.c >&5
configure:4437: $? = 0
configure:4441: test -z 
			 || test ! -s conftest.err
configure:4444: $? = 0
configure:4447: test -s conftest.o
configure:4450: $? = 0
configure:4461: result: yes
configure:4415: checking for string.h
configure:4431: icc -c -O3  conftest.c >&5
configure:4437: $? = 0
configure:4441: test -z 
			 || test ! -s conftest.err
configure:4444: $? = 0
configure:4447: test -s conftest.o
configure:4450: $? = 0
configure:4461: result: yes
configure:4415: checking for memory.h
configure:4431: icc -c -O3  conftest.c >&5
configure:4437: $? = 0
configure:4441: test -z 
			 || test ! -s conftest.err
configure:4444: $? = 0
configure:4447: test -s conftest.o
configure:4450: $? = 0
configure:4461: result: yes
configure:4415: checking for strings.h
configure:4431: icc -c -O3  conftest.c >&5
configure:4437: $? = 0
configure:4441: test -z 
			 || test ! -s conftest.err
configure:4444: $? = 0
configure:4447: test -s conftest.o
configure:4450: $? = 0
configure:4461: result: yes
configure:4415: checking for inttypes.h
configure:4431: icc -c -O3  conftest.c >&5
configure:4437: $? = 0
configure:4441: test -z 
			 || test ! -s conftest.err
configure:4444: $? = 0
configure:4447: test -s conftest.o
configure:4450: $? = 0
configure:4461: result: yes
configure:4415: checking for stdint.h
configure:4431: icc -c -O3  conftest.c >&5
configure:4437: $? = 0
configure:4441: test -z 
			 || test ! -s conftest.err
configure:4444: $? = 0
configure:4447: test -s conftest.o
configure:4450: $? = 0
configure:4461: result: yes
configure:4415: checking for unistd.h
configure:4431: icc -c -O3  conftest.c >&5
configure:4437: $? = 0
configure:4441: test -z 
			 || test ! -s conftest.err
configure:4444: $? = 0
configure:4447: test -s conftest.o
configure:4450: $? = 0
configure:4461: result: yes
configure:4487: checking dlfcn.h usability
configure:4499: icc -c -O3  conftest.c >&5
configure:4505: $? = 0
configure:4509: test -z 
			 || test ! -s conftest.err
configure:4512: $? = 0
configure:4515: test -s conftest.o
configure:4518: $? = 0
configure:4528: result: yes
configure:4532: checking dlfcn.h presence
configure:4542: icc -E  conftest.c
configure:4548: $? = 0
configure:4568: result: yes
configure:4603: checking for dlfcn.h
configure:4610: result: yes
configure:4717: checking for C++ compiler version
configure:4720: icc --version </dev/null >&5
icc (ICC) 14.0.2 20140120
Copyright (C) 1985-2014 Intel Corporation.  All rights reserved.

configure:4723: $? = 0
configure:4725: icc -v </dev/null >&5
icc version 14.0.2 (gcc version 4.4.7 compatibility)
configure:4728: $? = 0
configure:4730: icc -V </dev/null >&5
Intel(R) C Intel(R) 64 Compiler XE for applications running on Intel(R) 64, Version 14.0.2.144 Build 20140120
Copyright (C) 1985-2014 Intel Corporation.  All rights reserved.

configure:4733: $? = 0
configure:4736: checking whether we are using the GNU C++ compiler
configure:4760: icc -c -O3  conftest.cc >&5
configure:4766: $? = 0
configure:4770: test -z 
			 || test ! -s conftest.err
configure:4773: $? = 0
configure:4776: test -s conftest.o
configure:4779: $? = 0
configure:4792: result: yes
configure:4798: checking whether icc accepts -g
configure:4819: icc -c -g  conftest.cc >&5
configure:4825: $? = 0
configure:4829: test -z 
			 || test ! -s conftest.err
configure:4832: $? = 0
configure:4835: test -s conftest.o
configure:4838: $? = 0
configure:4849: result: yes
configure:4891: icc -c -O3  conftest.cc >&5
configure:4897: $? = 0
configure:4901: test -z 
			 || test ! -s conftest.err
configure:4904: $? = 0
configure:4907: test -s conftest.o
configure:4910: $? = 0
configure:4936: icc -c -O3  conftest.cc >&5
conftest.cc(26): error: identifier "exit" is undefined
  exit (42);
  ^

compilation aborted for conftest.cc (code 2)
configure:4942: $? = 2
configure: failed program was:
| /* confdefs.h.  */
| 
| #define PACKAGE_NAME "PROJ.4 Projections"
| #define PACKAGE_TARNAME "proj"
| #define PACKAGE_VERSION "4.5.0"
| #define PACKAGE_STRING "PROJ.4 Projections 4.5.0"
| #define PACKAGE_BUGREPORT "warmerdam@pobox.com"
| #define PACKAGE "proj"
| #define VERSION "4.5.0"
| #define STDC_HEADERS 1
| #define HAVE_SYS_TYPES_H 1
| #define HAVE_SYS_STAT_H 1
| #define HAVE_STDLIB_H 1
| #define HAVE_STRING_H 1
| #define HAVE_MEMORY_H 1
| #define HAVE_STRINGS_H 1
| #define HAVE_INTTYPES_H 1
| #define HAVE_STDINT_H 1
| #define HAVE_UNISTD_H 1
| #define HAVE_DLFCN_H 1
| /* end confdefs.h.  */
| 
| int
| main ()
| {
| exit (42);
|   ;
|   return 0;
| }
configure:4891: icc -c -O3  conftest.cc >&5
conftest.cc(22): error: namespace "std" has no member "exit"
  extern "C" void std::exit (int) throw (); using std::exit;
                       ^

conftest.cc(22): error: namespace "std" has no member "exit"
  extern "C" void std::exit (int) throw (); using std::exit;
                                                       ^

compilation aborted for conftest.cc (code 2)
configure:4897: $? = 2
configure: failed program was:
| /* confdefs.h.  */
| 
| #define PACKAGE_NAME "PROJ.4 Projections"
| #define PACKAGE_TARNAME "proj"
| #define PACKAGE_VERSION "4.5.0"
| #define PACKAGE_STRING "PROJ.4 Projections 4.5.0"
| #define PACKAGE_BUGREPORT "warmerdam@pobox.com"
| #define PACKAGE "proj"
| #define VERSION "4.5.0"
| #define STDC_HEADERS 1
| #define HAVE_SYS_TYPES_H 1
| #define HAVE_SYS_STAT_H 1
| #define HAVE_STDLIB_H 1
| #define HAVE_STRING_H 1
| #define HAVE_MEMORY_H 1
| #define HAVE_STRINGS_H 1
| #define HAVE_INTTYPES_H 1
| #define HAVE_STDINT_H 1
| #define HAVE_UNISTD_H 1
| #define HAVE_DLFCN_H 1
| /* end confdefs.h.  */
| extern "C" void std::exit (int) throw (); using std::exit;
| #include <stdlib.h>
| int
| main ()
| {
| exit (42);
|   ;
|   return 0;
| }
configure:4891: icc -c -O3  conftest.cc >&5
conftest.cc(22): error: namespace "std" has no member "exit"
  extern "C" void std::exit (int); using std::exit;
                       ^

conftest.cc(22): error: namespace "std" has no member "exit"
  extern "C" void std::exit (int); using std::exit;
                                              ^

compilation aborted for conftest.cc (code 2)
configure:4897: $? = 2
configure: failed program was:
| /* confdefs.h.  */
| 
| #define PACKAGE_NAME "PROJ.4 Projections"
| #define PACKAGE_TARNAME "proj"
| #define PACKAGE_VERSION "4.5.0"
| #define PACKAGE_STRING "PROJ.4 Projections 4.5.0"
| #define PACKAGE_BUGREPORT "warmerdam@pobox.com"
| #define PACKAGE "proj"
| #define VERSION "4.5.0"
| #define STDC_HEADERS 1
| #define HAVE_SYS_TYPES_H 1
| #define HAVE_SYS_STAT_H 1
| #define HAVE_STDLIB_H 1
| #define HAVE_STRING_H 1
| #define HAVE_MEMORY_H 1
| #define HAVE_STRINGS_H 1
| #define HAVE_INTTYPES_H 1
| #define HAVE_STDINT_H 1
| #define HAVE_UNISTD_H 1
| #define HAVE_DLFCN_H 1
| /* end confdefs.h.  */
| extern "C" void std::exit (int); using std::exit;
| #include <stdlib.h>
| int
| main ()
| {
| exit (42);
|   ;
|   return 0;
| }
configure:4891: icc -c -O3  conftest.cc >&5
configure:4897: $? = 0
configure:4901: test -z 
			 || test ! -s conftest.err
configure:4904: $? = 0
configure:4907: test -s conftest.o
configure:4910: $? = 0
configure:4936: icc -c -O3  conftest.cc >&5
configure:4942: $? = 0
configure:4946: test -z 
			 || test ! -s conftest.err
configure:4949: $? = 0
configure:4952: test -s conftest.o
configure:4955: $? = 0
configure:4980: checking dependency style of icc
configure:5070: result: gcc3
configure:5097: checking how to run the C++ preprocessor
configure:5128: icc -E  conftest.cc
configure:5134: $? = 0
configure:5166: icc -E  conftest.cc
conftest.cc(25): error #2379: cannot open source file "ac_nonexistent.h"
  #include <ac_nonexistent.h>
                             ^

configure:5172: $? = 2
configure: failed program was:
| /* confdefs.h.  */
| 
| #define PACKAGE_NAME "PROJ.4 Projections"
| #define PACKAGE_TARNAME "proj"
| #define PACKAGE_VERSION "4.5.0"
| #define PACKAGE_STRING "PROJ.4 Projections 4.5.0"
| #define PACKAGE_BUGREPORT "warmerdam@pobox.com"
| #define PACKAGE "proj"
| #define VERSION "4.5.0"
| #define STDC_HEADERS 1
| #define HAVE_SYS_TYPES_H 1
| #define HAVE_SYS_STAT_H 1
| #define HAVE_STDLIB_H 1
| #define HAVE_STRING_H 1
| #define HAVE_MEMORY_H 1
| #define HAVE_STRINGS_H 1
| #define HAVE_INTTYPES_H 1
| #define HAVE_STDINT_H 1
| #define HAVE_UNISTD_H 1
| #define HAVE_DLFCN_H 1
| #ifdef __cplusplus
| extern "C" void exit (int) throw ();
| #endif
| /* end confdefs.h.  */
| #include <ac_nonexistent.h>
configure:5211: result: icc -E
configure:5235: icc -E  conftest.cc
configure:5241: $? = 0
configure:5273: icc -E  conftest.cc
conftest.cc(25): error #2379: cannot open source file "ac_nonexistent.h"
  #include <ac_nonexistent.h>
                             ^

configure:5279: $? = 2
configure: failed program was:
| /* confdefs.h.  */
| 
| #define PACKAGE_NAME "PROJ.4 Projections"
| #define PACKAGE_TARNAME "proj"
| #define PACKAGE_VERSION "4.5.0"
| #define PACKAGE_STRING "PROJ.4 Projections 4.5.0"
| #define PACKAGE_BUGREPORT "warmerdam@pobox.com"
| #define PACKAGE "proj"
| #define VERSION "4.5.0"
| #define STDC_HEADERS 1
| #define HAVE_SYS_TYPES_H 1
| #define HAVE_SYS_STAT_H 1
| #define HAVE_STDLIB_H 1
| #define HAVE_STRING_H 1
| #define HAVE_MEMORY_H 1
| #define HAVE_STRINGS_H 1
| #define HAVE_INTTYPES_H 1
| #define HAVE_STDINT_H 1
| #define HAVE_UNISTD_H 1
| #define HAVE_DLFCN_H 1
| #ifdef __cplusplus
| extern "C" void exit (int) throw ();
| #endif
| /* end confdefs.h.  */
| #include <ac_nonexistent.h>
configure:5417: checking for Fortran 77 compiler version
configure:5420: ifort --version </dev/null >&5
ifort (IFORT) 14.0.2 20140120
Copyright (C) 1985-2014 Intel Corporation.  All rights reserved.

configure:5423: $? = 0
configure:5425: ifort -v </dev/null >&5
ifort version 14.0.2
configure:5428: $? = 0
configure:5430: ifort -V </dev/null >&5
Intel(R) Fortran Intel(R) 64 Compiler XE for applications running on Intel(R) 64, Version 14.0.2.144 Build 20140120
Copyright (C) 1985-2014 Intel Corporation.  All rights reserved.

configure:5433: $? = 0
configure:5441: checking whether we are using the GNU Fortran 77 compiler
configure:5455: ifort -c -O3 conftest.F >&5
conftest.F(3): error #5082: Syntax error, found END-OF-STATEMENT when expecting one of: ( % [ : . = =>
       choke me
---------------^
conftest.F(3): error #6218: This statement is positioned incorrectly and/or has syntax errors.
       choke me
---------------^
compilation aborted for conftest.F (code 1)
configure:5461: $? = 1
configure: failed program was:
|       program main
| #ifndef __GNUC__
|        choke me
| #endif
| 
|       end
configure:5487: result: no
configure:5493: checking whether ifort accepts -g
configure:5505: ifort -c -g conftest.f >&5
configure:5511: $? = 0
configure:5515: test -z 
			 || test ! -s conftest.err
configure:5518: $? = 0
configure:5521: test -s conftest.o
configure:5524: $? = 0
configure:5536: result: yes
configure:5566: checking the maximum length of command line arguments
configure:5675: result: 32768
configure:5686: checking command to parse /usr/bin/nm -B output from icc object
configure:5791: icc -c -O3  conftest.c >&5
configure:5794: $? = 0
configure:5798: /usr/bin/nm -B conftest.o \| sed -n -e 's/^.*[ 	]\([ABCDGIRSTW][ABCDGIRSTW]*\)[ 	][ 	]*\([_A-Za-z][_A-Za-z0-9]*\)$/\1 \2 \2/p' \> conftest.nm
configure:5801: $? = 0
configure:5853: icc -o conftest -O3   conftest.c conftstm.o >&5
configure:5856: $? = 0
configure:5894: result: ok
configure:5898: checking for objdir
configure:5913: result: .libs
configure:6003: checking for ar
configure:6019: found /usr/bin/ar
configure:6030: result: ar
configure:6083: checking for ranlib
configure:6099: found /usr/bin/ranlib
configure:6110: result: ranlib
configure:6163: checking for strip
configure:6179: found /usr/bin/strip
configure:6190: result: strip
configure:6462: checking if icc supports -fno-rtti -fno-exceptions
configure:6480: icc -c -O3  -fno-rtti -fno-exceptions conftest.c >&5
configure:6484: $? = 0
configure:6497: result: yes
configure:6512: checking for icc option to produce PIC
configure:6722: result: -fPIC
configure:6730: checking if icc PIC flag -fPIC works
configure:6748: icc -c -O3  -fPIC -DPIC conftest.c >&5
configure:6752: $? = 0
configure:6765: result: yes
configure:6793: checking if icc static flag -static works
configure:6821: result: yes
configure:6831: checking if icc supports -c -o file.o
configure:6852: icc -c -O3  -o out/conftest2.o conftest.c >&5
configure:6856: $? = 0
configure:6878: result: yes
configure:6904: checking whether the icc linker (/usr/bin/ld -m elf_x86_64) supports shared libraries
configure:7862: result: yes
configure:7883: checking whether -lc should be explicitly linked in
configure:7888: icc -c -O3  conftest.c >&5
configure:7891: $? = 0
configure:7906: icc -shared conftest.o  -v -Wl,-soname -Wl,conftest -o conftest 2\>\&1 \| grep  -lc  \>/dev/null 2\>\&1
configure:7909: $? = 0
configure:7921: result: no
configure:7929: checking dynamic linker characteristics
configure:8517: result: GNU/Linux ld.so
configure:8526: checking how to hardcode library paths into programs
configure:8551: result: immediate
configure:8565: checking whether stripping libraries is possible
configure:8570: result: yes
configure:9404: checking if libtool supports shared libraries
configure:9406: result: yes
configure:9409: checking whether to build shared libraries
configure:9430: result: yes
configure:9433: checking whether to build static libraries
configure:9437: result: yes
configure:9529: creating libtool
configure:10117: checking for ld used by icc
configure:10184: result: /usr/bin/ld -m elf_x86_64
configure:10193: checking if the linker (/usr/bin/ld -m elf_x86_64) is GNU ld
configure:10208: result: yes
configure:10259: checking whether the icc linker (/usr/bin/ld -m elf_x86_64) supports shared libraries
configure:11197: result: yes
configure:11215: icc -c -O3  conftest.cpp >&5
configure:11218: $? = 0
configure:11337: checking for icc option to produce PIC
configure:11611: result: -fPIC
configure:11619: checking if icc PIC flag -fPIC works
configure:11637: icc -c -O3  -fPIC -DPIC conftest.cpp >&5
configure:11641: $? = 0
configure:11654: result: yes
configure:11682: checking if icc static flag -static works
configure:11710: result: yes
configure:11720: checking if icc supports -c -o file.o
configure:11741: icc -c -O3  -o out/conftest2.o conftest.cpp >&5
configure:11745: $? = 0
configure:11767: result: yes
configure:11793: checking whether the icc linker (/usr/bin/ld -m elf_x86_64) supports shared libraries
configure:11818: result: yes
configure:11885: checking dynamic linker characteristics
configure:12473: result: GNU/Linux ld.so
configure:12482: checking how to hardcode library paths into programs
configure:12507: result: immediate
configure:13033: checking if libtool supports shared libraries
configure:13035: result: yes
configure:13038: checking whether to build shared libraries
configure:13058: result: yes
configure:13061: checking whether to build static libraries
configure:13065: result: yes
configure:13075: checking for ifort option to produce PIC
configure:13285: result: -fPIC
configure:13293: checking if ifort PIC flag -fPIC works
configure:13311: ifort -c -O3 -fPIC conftest.f >&5
configure:13315: $? = 0
configure:13328: result: yes
configure:13356: checking if ifort static flag -static works
/usr/lib/gcc/x86_64-redhat-linux/4.4.7/../../../../lib64/libpthread.a(libpthread.o): In function `sem_open':
(.text+0x77cd): warning: the use of `mktemp' is dangerous, better use `mkstemp'
configure:13384: result: no
configure:13394: checking if ifort supports -c -o file.o
configure:13415: ifort -c -O3 -o out/conftest2.o conftest.f >&5
configure:13419: $? = 0
configure:13441: result: yes
configure:13467: checking whether the ifort linker (/usr/bin/ld -m elf_x86_64) supports shared libraries
configure:14405: result: yes
configure:14472: checking dynamic linker characteristics
configure:15060: result: GNU/Linux ld.so
configure:15069: checking how to hardcode library paths into programs
configure:15094: result: immediate
configure:18659: checking for exp in -lm
configure:18689: icc -o conftest -O3   conftest.c -lm   >&5
configure:18695: $? = 0
configure:18699: test -z 
			 || test ! -s conftest.err
configure:18702: $? = 0
configure:18705: test -s conftest
configure:18708: $? = 0
configure:18721: result: yes
configure:18733: checking for ANSI C header files
configure:18889: result: yes
configure:18962: checking jni.h usability
configure:18974: icc -c -O3  conftest.c >&5
conftest.c(61): catastrophic error: cannot open source file "jni.h"
  #include <jni.h>
                  ^

compilation aborted for conftest.c (code 4)
configure:18980: $? = 4
configure: failed program was:
| /* confdefs.h.  */
| 
| #define PACKAGE_NAME "PROJ.4 Projections"
| #define PACKAGE_TARNAME "proj"
| #define PACKAGE_VERSION "4.5.0"
| #define PACKAGE_STRING "PROJ.4 Projections 4.5.0"
| #define PACKAGE_BUGREPORT "warmerdam@pobox.com"
| #define PACKAGE "proj"
| #define VERSION "4.5.0"
| #define STDC_HEADERS 1
| #define HAVE_SYS_TYPES_H 1
| #define HAVE_SYS_STAT_H 1
| #define HAVE_STDLIB_H 1
| #define HAVE_STRING_H 1
| #define HAVE_MEMORY_H 1
| #define HAVE_STRINGS_H 1
| #define HAVE_INTTYPES_H 1
| #define HAVE_STDINT_H 1
| #define HAVE_UNISTD_H 1
| #define HAVE_DLFCN_H 1
| #ifdef __cplusplus
| extern "C" void exit (int) throw ();
| #endif
| #define HAVE_LIBM 1
| #define STDC_HEADERS 1
| /* end confdefs.h.  */
| #include <stdio.h>
| #if HAVE_SYS_TYPES_H
| # include <sys/types.h>
| #endif
| #if HAVE_SYS_STAT_H
| # include <sys/stat.h>
| #endif
| #if STDC_HEADERS
| # include <stdlib.h>
| # include <stddef.h>
| #else
| # if HAVE_STDLIB_H
| #  include <stdlib.h>
| # endif
| #endif
| #if HAVE_STRING_H
| # if !STDC_HEADERS && HAVE_MEMORY_H
| #  include <memory.h>
| # endif
| # include <string.h>
| #endif
| #if HAVE_STRINGS_H
| # include <strings.h>
| #endif
| #if HAVE_INTTYPES_H
| # include <inttypes.h>
| #else
| # if HAVE_STDINT_H
| #  include <stdint.h>
| # endif
| #endif
| #if HAVE_UNISTD_H
| # include <unistd.h>
| #endif
| #include <jni.h>
configure:19003: result: no
configure:19007: checking jni.h presence
configure:19017: icc -E  conftest.c
conftest.c(27): error #2379: cannot open source file "jni.h"
  #include <jni.h>
                  ^

configure:19023: $? = 2
configure: failed program was:
| /* confdefs.h.  */
| 
| #define PACKAGE_NAME "PROJ.4 Projections"
| #define PACKAGE_TARNAME "proj"
| #define PACKAGE_VERSION "4.5.0"
| #define PACKAGE_STRING "PROJ.4 Projections 4.5.0"
| #define PACKAGE_BUGREPORT "warmerdam@pobox.com"
| #define PACKAGE "proj"
| #define VERSION "4.5.0"
| #define STDC_HEADERS 1
| #define HAVE_SYS_TYPES_H 1
| #define HAVE_SYS_STAT_H 1
| #define HAVE_STDLIB_H 1
| #define HAVE_STRING_H 1
| #define HAVE_MEMORY_H 1
| #define HAVE_STRINGS_H 1
| #define HAVE_INTTYPES_H 1
| #define HAVE_STDINT_H 1
| #define HAVE_UNISTD_H 1
| #define HAVE_DLFCN_H 1
| #ifdef __cplusplus
| extern "C" void exit (int) throw ();
| #endif
| #define HAVE_LIBM 1
| #define STDC_HEADERS 1
| /* end confdefs.h.  */
| #include <jni.h>
configure:19043: result: no
configure:19078: checking for jni.h
configure:19085: result: no
configure:19099: checking whether to enable Java/JNI support
configure:19103: result: disabled
configure:19253: creating ./config.status

## ---------------------- ##
## Running config.status. ##
## ---------------------- ##

This file was extended by PROJ.4 Projections config.status 4.5.0, which was
generated by GNU Autoconf 2.59.  Invocation command line was

  CONFIG_FILES    = 
  CONFIG_HEADERS  = 
  CONFIG_LINKS    = 
  CONFIG_COMMANDS = 
  $ ./config.status 

on constance03.pnl.gov

config.status:726: creating Makefile
config.status:726: creating src/Makefile
config.status:726: creating man/Makefile
config.status:726: creating man/man1/Makefile
config.status:726: creating man/man3/Makefile
config.status:726: creating nad/Makefile
config.status:726: creating jniwrap/Makefile
config.status:726: creating jniwrap/org/Makefile
config.status:726: creating jniwrap/org/proj4/Makefile
config.status:830: creating src/proj_config.h
config.status:942: src/proj_config.h is unchanged
config.status:1122: executing depfiles commands

## ---------------- ##
## Cache variables. ##
## ---------------- ##

ac_cv_build=x86_64-unknown-linux-gnu
ac_cv_build_alias=x86_64-unknown-linux-gnu
ac_cv_c_compiler_gnu=yes
ac_cv_cxx_compiler_gnu=yes
ac_cv_env_CC_set=set
ac_cv_env_CC_value=icc
ac_cv_env_CFLAGS_set=set
ac_cv_env_CFLAGS_value=-O3
ac_cv_env_CPPFLAGS_set=
ac_cv_env_CPPFLAGS_value=
ac_cv_env_CPP_set=
ac_cv_env_CPP_value=
ac_cv_env_CXXCPP_set=
ac_cv_env_CXXCPP_value=
ac_cv_env_CXXFLAGS_set=set
ac_cv_env_CXXFLAGS_value=-O3
ac_cv_env_CXX_set=set
ac_cv_env_CXX_value=icc
ac_cv_env_F77_set=set
ac_cv_env_F77_value=ifort
ac_cv_env_FFLAGS_set=set
ac_cv_env_FFLAGS_value=-O3
ac_cv_env_LDFLAGS_set=
ac_cv_env_LDFLAGS_value=
ac_cv_env_build_alias_set=
ac_cv_env_build_alias_value=
ac_cv_env_host_alias_set=
ac_cv_env_host_alias_value=
ac_cv_env_target_alias_set=
ac_cv_env_target_alias_value=
ac_cv_exeext=
ac_cv_f77_compiler_gnu=no
ac_cv_header_dlfcn_h=yes
ac_cv_header_inttypes_h=yes
ac_cv_header_jni_h=no
ac_cv_header_memory_h=yes
ac_cv_header_stdc=yes
ac_cv_header_stdint_h=yes
ac_cv_header_stdlib_h=yes
ac_cv_header_string_h=yes
ac_cv_header_strings_h=yes
ac_cv_header_sys_stat_h=yes
ac_cv_header_sys_types_h=yes
ac_cv_header_unistd_h=yes
ac_cv_host=x86_64-unknown-linux-gnu
ac_cv_host_alias=x86_64-unknown-linux-gnu
ac_cv_lib_m_exp=yes
ac_cv_objext=o
ac_cv_path_install='/usr/bin/install -c'
ac_cv_prog_AWK=gawk
ac_cv_prog_CPP='icc -E'
ac_cv_prog_CXXCPP='icc -E'
ac_cv_prog_ac_ct_AR=ar
ac_cv_prog_ac_ct_CC=icc
ac_cv_prog_ac_ct_RANLIB=ranlib
ac_cv_prog_ac_ct_STRIP=strip
ac_cv_prog_cc_g=yes
ac_cv_prog_cc_stdc=
ac_cv_prog_cxx_g=yes
ac_cv_prog_egrep='grep -E'
ac_cv_prog_f77_g=yes
ac_cv_prog_make_make_set=yes
am_cv_CC_dependencies_compiler_type=gcc3
am_cv_CXX_dependencies_compiler_type=gcc3
lt_cv_deplibs_check_method=pass_all
lt_cv_file_magic_cmd='$MAGIC_CMD'
lt_cv_file_magic_test_file=
lt_cv_ld_reload_flag=-r
lt_cv_objdir=.libs
lt_cv_path_LD=/usr/bin/ld
lt_cv_path_LDCXX='/usr/bin/ld -m elf_x86_64'
lt_cv_path_NM='/usr/bin/nm -B'
lt_cv_path_SED=/bin/sed
lt_cv_prog_compiler_c_o=yes
lt_cv_prog_compiler_c_o_CXX=yes
lt_cv_prog_compiler_c_o_F77=yes
lt_cv_prog_compiler_rtti_exceptions=yes
lt_cv_prog_gnu_ld=yes
lt_cv_prog_gnu_ldcxx=yes
lt_cv_sys_global_symbol_pipe='sed -n -e '\''s/^.*[ 	]\([ABCDGIRSTW][ABCDGIRSTW]*\)[ 	][ 	]*\([_A-Za-z][_A-Za-z0-9]*\)$/\1 \2 \2/p'\'''
lt_cv_sys_global_symbol_to_c_name_address='sed -n -e '\''s/^: \([^ ]*\) $/  {\"\1\", (lt_ptr) 0},/p'\'' -e '\''s/^[BCDEGRST] \([^ ]*\) \([^ ]*\)$/  {"\2", (lt_ptr) \&\2},/p'\'''
lt_cv_sys_global_symbol_to_cdecl='sed -n -e '\''s/^. .* \(.*\)$/extern int \1;/p'\'''
lt_cv_sys_max_cmd_len=32768
lt_lt_cv_prog_compiler_c_o='"yes"'
lt_lt_cv_prog_compiler_c_o_CXX='"yes"'
lt_lt_cv_prog_compiler_c_o_F77='"yes"'
lt_lt_cv_sys_global_symbol_pipe='"sed -n -e '\''s/^.*[ 	]\\([ABCDGIRSTW][ABCDGIRSTW]*\\)[ 	][ 	]*\\([_A-Za-z][_A-Za-z0-9]*\\)\$/\\1 \\2 \\2/p'\''"'
lt_lt_cv_sys_global_symbol_to_c_name_address='"sed -n -e '\''s/^: \\([^ ]*\\) \$/  {\\\"\\1\\\", (lt_ptr) 0},/p'\'' -e '\''s/^[BCDEGRST] \\([^ ]*\\) \\([^ ]*\\)\$/  {\"\\2\", (lt_ptr) \\&\\2},/p'\''"'
lt_lt_cv_sys_global_symbol_to_cdecl='"sed -n -e '\''s/^. .* \\(.*\\)\$/extern int \\1;/p'\''"'

## ----------------- ##
## Output variables. ##
## ----------------- ##

ACLOCAL='${SHELL} /pic/projects/mhk_modeling/Taiping/mhk_modeling/WAVE/FY2020/fvcom431-master/FVCOM_source/libs/proj/missing --run aclocal-1.9'
AMDEPBACKSLASH='\'
AMDEP_FALSE='#'
AMDEP_TRUE=''
AMTAR='${SHELL} /pic/projects/mhk_modeling/Taiping/mhk_modeling/WAVE/FY2020/fvcom431-master/FVCOM_source/libs/proj/missing --run tar'
AR='ar'
AUTOCONF='${SHELL} /pic/projects/mhk_modeling/Taiping/mhk_modeling/WAVE/FY2020/fvcom431-master/FVCOM_source/libs/proj/missing --run autoconf'
AUTOHEADER='${SHELL} /pic/projects/mhk_modeling/Taiping/mhk_modeling/WAVE/FY2020/fvcom431-master/FVCOM_source/libs/proj/missing --run autoheader'
AUTOMAKE='${SHELL} /pic/projects/mhk_modeling/Taiping/mhk_modeling/WAVE/FY2020/fvcom431-master/FVCOM_source/libs/proj/missing --run automake-1.9'
AWK='gawk'
CC='icc'
CCDEPMODE='depmode=gcc3'
CFLAGS='-O3'
CPP='icc -E'
CPPFLAGS=''
CXX='icc'
CXXCPP='icc -E'
CXXDEPMODE='depmode=gcc3'
CXXFLAGS='-O3'
CYGPATH_W='echo'
DEFS='-DHAVE_CONFIG_H'
DEPDIR='.deps'
ECHO='echo'
ECHO_C=''
ECHO_N='-n'
ECHO_T=''
EGREP='grep -E'
EXEEXT=''
F77='ifort'
FFLAGS='-O3'
INSTALL_DATA='${INSTALL} -m 644'
INSTALL_PROGRAM='${INSTALL}'
INSTALL_SCRIPT='${INSTALL}'
INSTALL_STRIP_PROGRAM='${SHELL} $(install_sh) -c -s'
JNI_INCLUDE=''
LDFLAGS=''
LIBOBJS=''
LIBS='-lm '
LIBTOOL='$(SHELL) $(top_builddir)/libtool'
LN_S='ln -s'
LTLIBOBJS=''
MAINT='#'
MAINTAINER_MODE_FALSE=''
MAINTAINER_MODE_TRUE='#'
MAKEINFO='${SHELL} /pic/projects/mhk_modeling/Taiping/mhk_modeling/WAVE/FY2020/fvcom431-master/FVCOM_source/libs/proj/missing --run makeinfo'
OBJEXT='o'
PACKAGE='proj'
PACKAGE_BUGREPORT='warmerdam@pobox.com'
PACKAGE_NAME='PROJ.4 Projections'
PACKAGE_STRING='PROJ.4 Projections 4.5.0'
PACKAGE_TARNAME='proj'
PACKAGE_VERSION='4.5.0'
PATH_SEPARATOR=':'
RANLIB='ranlib'
SET_MAKE=''
SHELL='/bin/sh'
STRIP='strip'
VERSION='4.5.0'
ac_ct_AR='ar'
ac_ct_CC='icc'
ac_ct_CXX=''
ac_ct_F77=''
ac_ct_RANLIB='ranlib'
ac_ct_STRIP='strip'
am__fastdepCC_FALSE='#'
am__fastdepCC_TRUE=''
am__fastdepCXX_FALSE='#'
am__fastdepCXX_TRUE=''
am__include='include'
am__leading_dot='.'
am__quote=''
am__tar='${AMTAR} chof - "$$tardir"'
am__untar='${AMTAR} xf -'
bindir='${exec_prefix}/bin'
build='x86_64-unknown-linux-gnu'
build_alias=''
build_cpu='x86_64'
build_os='linux-gnu'
build_vendor='unknown'
datadir='${prefix}/share'
exec_prefix='${prefix}'
host='x86_64-unknown-linux-gnu'
host_alias=''
host_cpu='x86_64'
host_os='linux-gnu'
host_vendor='unknown'
includedir='${prefix}/include'
infodir='${prefix}/info'
install_sh='/pic/projects/mhk_modeling/Taiping/mhk_modeling/WAVE/FY2020/fvcom431-master/FVCOM_source/libs/proj/install-sh'
libdir='${exec_prefix}/lib'
libexecdir='${exec_prefix}/libexec'
localstatedir='${prefix}/var'
mandir='${prefix}/man'
mkdir_p='mkdir -p --'
oldincludedir='/usr/include'
prefix='/pic/projects/mhk_modeling/Taiping/mhk_modeling/WAVE/FY2020/fvcom431-master/FVCOM_source/libs/install'
program_transform_name='s,x,x,'
sbindir='${exec_prefix}/sbin'
sharedstatedir='${prefix}/com'
sysconfdir='${prefix}/etc'
target_alias=''

## ----------- ##
## confdefs.h. ##
## ----------- ##

#define HAVE_DLFCN_H 1
#define HAVE_INTTYPES_H 1
#define HAVE_LIBM 1
#define HAVE_MEMORY_H 1
#define HAVE_STDINT_H 1
#define HAVE_STDLIB_H 1
#define HAVE_STRINGS_H 1
#define HAVE_STRING_H 1
#define HAVE_SYS_STAT_H 1
#define HAVE_SYS_TYPES_H 1
#define HAVE_UNISTD_H 1
#define PACKAGE "proj"
#define PACKAGE_BUGREPORT "warmerdam@pobox.com"
#define PACKAGE_NAME "PROJ.4 Projections"
#define PACKAGE_STRING "PROJ.4 Projections 4.5.0"
#define PACKAGE_TARNAME "proj"
#define PACKAGE_VERSION "4.5.0"
#define STDC_HEADERS 1
#define STDC_HEADERS 1
#define VERSION "4.5.0"
#endif
#ifdef __cplusplus
extern "C" void exit (int) throw ();

configure: exit 0
